 rBot

 Timestamp is 4b7c07af (Wed Feb 17 17:13:51 2010)

 Preferred load address is 00400000

 Start         Length     Name                   Class
 0001:00000000 00038877H .text                   CODE
 0002:00000000 00001da8H .rdata                  DATA
 0002:00001da8 00000000H .edata                  DATA
 0003:00000000 00000004H .CRT$XCA                DATA
 0003:00000004 00000004H .CRT$XCZ                DATA
 0003:00000008 00000004H .CRT$XIA                DATA
 0003:0000000c 00000008H .CRT$XIC                DATA
 0003:00000014 00000004H .CRT$XIZ                DATA
 0003:00000018 00000004H .CRT$XPA                DATA
 0003:0000001c 00000004H .CRT$XPX                DATA
 0003:00000020 00000004H .CRT$XPZ                DATA
 0003:00000024 00000004H .CRT$XTA                DATA
 0003:00000028 00000004H .CRT$XTZ                DATA
 0003:00000030 0000c5ccH .data                   DATA
 0003:0000c600 0002d01cH .bss                    DATA
 0004:00000000 00000014H .idata$2                DATA
 0004:00000014 00000014H .idata$3                DATA
 0004:00000028 00000208H .idata$4                DATA
 0004:00000230 00000208H .idata$5                DATA
 0004:00000438 0000094cH .idata$6                DATA

  Address         Publics by Value              Rva+Base     Lib:Object

 0001:00000000       ?ListExploitStats@@YAXIPADH@Z 00401000 f   advscan.obj
 0001:00000123       ?currentIP@@YAXIPADHH@Z    00401123 f   advscan.obj
 0001:000001a7       ?CheckServers@@YAXUADVSCAN@@@Z 004011a7 f   advscan.obj
 0001:000004a1       ?AdvGetNextIP@@YAKH@Z      004014a1 f   advscan.obj
 0001:00000502       ?AdvGetNextIPRandom@@YAKPADH@Z 00401502 f   advscan.obj
 0001:000005b6       ?AdvPortOpen@@YAHKII@Z     004015b6 f   advscan.obj
 0001:00000709       ?SynPortOpen@@YAHKKII@Z    00401709 f   advscan.obj
 0001:000009a6       ?AdvPortScanner@@YGKPAX@Z  004019a6 f   advscan.obj
 0001:00000c7b       ?AdvScanner@@YGKPAX@Z      00401c7b f   advscan.obj
 0001:00000f3f       ?addalias@@YAHPAD0@Z       00401f3f f   aliaslog.obj
 0001:00000ffb       ?aliaslist@@YAXIPADH@Z     00401ffb f   aliaslog.obj
 0001:0000109b       ?addlog@@YAXPAD@Z          0040209b f   aliaslog.obj
 0001:00001131       ?addlogv@@YAXPADZZ         00402131 f   aliaslog.obj
 0001:00001169       ?showlog@@YAXIPADHH0@Z     00402169 f   aliaslog.obj
 0001:00001261       ?clearlog@@YAXIPADHH@Z     00402261 f   aliaslog.obj
 0001:000012b5       ?searchlog@@YAHPAD@Z       004022b5 f   aliaslog.obj
 0001:00001305       ?ShowLogThread@@YGKPAX@Z   00402305 f   aliaslog.obj
 0001:000014aa       ?AutoStartRegs@@YAXPAD@Z   004024aa f   autostart.obj
 0001:00001531       ?Capture@@YAHPAD@Z         00402531 f   capture.obj
 0001:00001840       ?CaptureFrame@@YAHPADHHH@Z 00402840 f   capture.obj
 0001:00001b25       ?CaptureVideo@@YAHPADHHHH@Z 00402b25 f   capture.obj
 0001:00001f41       ?getcdkeys@@YAXIPADH@Z     00402f41 f   cdkeys.obj
 0001:000021b5       ?crc32@@YAKPADI@Z          004031b5 f   crc32.obj
 0001:00002219       ?crc32f@@YAKPAD@Z          00403219 f   crc32.obj
 0001:000022bd       ?Crypt@@YAXPADK0K@Z        004032bd f   crypt.obj
 0001:00002695       ?CreateSock@@YAIPADH@Z     00403695 f   dcc.obj
 0001:00002750       ?DCCChatThread@@YGKPAX@Z   00403750 f   dcc.obj
 0001:00002960       ?DCCSendThread@@YGKPAX@Z   00403960 f   dcc.obj
 0001:00002ef5       ?DCCGetThread@@YGKPAX@Z    00403ef5 f   dcc.obj
 0001:000031f3       ?ConnectViaNullSession@@YAHPBDPAU_NETRESOURCEW@@@Z 004041f3 f   dcom.obj
 0001:000032ff       ?CloseNullSession@@YAHPBD@Z 004042ff f   dcom.obj
 0001:000033c0       ?CreateDCOMRequestPacket@@YAPADUEXINFO@@PAKHH@Z 004043c0 f   dcom.obj
 0001:000038b3       ?dcom@@YAHUEXINFO@@@Z      004048b3 f   dcom.obj
 0001:00003dd0       ?dcom2@@YAHUEXINFO@@@Z     00404dd0 f   dcom2.obj
 0001:000042b0       ?DDOSThread@@YGKPAX@Z      004052b0 f   ddos.obj
 0001:00004378       ?SendDDOS@@YAJKIPADGH@Z    00405378 f   ddos.obj
 0001:000047ba       ?DDOSAttack@@YAJPAD000@Z   004057ba f   ddos.obj
 0001:0000483d       ?DownloadThread@@YGKPAX@Z  0040583d f   download.obj
 0001:00004ed2       ?Xorbuff@@YAPADPADH@Z      00405ed2 f   download.obj
 0001:00004f08       ?FileExists@@YAHPADH@Z     00405f08 f   driveinfo.obj
 0001:00004f24       ?commaI64@@YAPBD_K@Z       00405f24 f   driveinfo.obj
 0001:00004ff8       ?DriveType@@YAPBDPBD@Z     00405ff8 f   driveinfo.obj
 0001:0000505f       ?DiskSpace@@YA?AUDKSP@@PBD@Z 0040605f f   driveinfo.obj
 0001:000050af       ?DiskSpaceKB@@YA?AUDKSPKB@@PBD@Z 004060af f   driveinfo.obj
 0001:0000521a       ?DriveSpace@@YAXIPADHPBD@Z 0040621a f   driveinfo.obj
 0001:000052f3       ?DriveInfo@@YAXIPADHPBD@Z  004062f3 f   driveinfo.obj
 0001:0000539a       ?FindFileThread@@YGKPAX@Z  0040639a f   findfile.obj
 0001:000054dc       ?FindFile@@YAIIPADH00I@Z   004064dc f   findfile.obj
 0001:00005671       ?FindPassThread@@YGKPAX@Z  00406671 f   findpass.obj
 0001:00005906       ?FindWinLogon@@YAKXZ       00406906 f   findpass.obj
 0001:00005b37       ?LocatePasswordPageWinNT@@YAHKPAK@Z 00406b37 f   findpass.obj
 0001:00005d3c       ?LocatePasswordPageWin2K@@YAHKPAK@Z 00406d3c f   findpass.obj
 0001:00005ee7       ?DisplayPasswordWinNT@@YAPADK@Z 00406ee7 f   findpass.obj
 0001:00005f88       ?DisplayPasswordWin2K@@YAPADK@Z 00406f88 f   findpass.obj
 0001:000060f6       ?MemContains@@YA_NPBDH0H@Z 004070f6 f   fphost.obj
 0001:00006135       ?FpHost@@YAHPBDH@Z         00407135 f   fphost.obj
 0001:000063ef       ?HTTP_Server_Thread@@YGKPAX@Z 004073ef f   httpd.obj
 0001:00006aa2       ?HTTP_Header@@YGKPAX@Z     00407aa2 f   httpd.obj
 0001:00006c90       ?Check_Requested_File@@YAHIPAD0HH@Z 00407c90 f   httpd.obj
 0001:00007052       ?GetFiles@@YAHPADI00@Z     00408052 f   httpd.obj
 0001:00007840       ?HTTP_Send_File@@YAXIPAD@Z 00408840 f   httpd.obj
 0001:00007949       ?File_To_HTML@@YAPADPAD@Z  00408949 f   httpd.obj
 0001:00007986       ?HTTP_Connect@@YAXIPADHH0H000@Z 00408986 f   httpd.obj
 0001:00007aeb       ?ICMPFloodThread@@YGKPAX@Z 00408aeb f   icmpflood.obj
 0001:00007f71       ?IdentThread@@YGKPAX@Z     00408f71 f   ident.obj
 0001:00008177       ?irc_sendv@@YAXIPADZZ      00409177 f   irc_send.obj
 0001:000081c8       ?irc_privmsg@@YAXIPAD0HH@Z 004091c8 f   irc_send.obj
 0001:0000827e       ?SaveKeys@@YAHPADUKEYLOG@@@Z 0040927e f   keylogger.obj
 0001:0000837a       ?KeyLoggerThread@@YGKPAX@Z 0040937a f   keylogger.obj
 0001:0000882e       ?LoadDLLs@@YAHXZ           0040982e f   loaddlls.obj
 0001:00009949       ?CheckDLLs@@YAXIPADHH@Z    0040a949 f   loaddlls.obj
 0001:00009cea       ?ConnectShell@@YA_NUEXINFO@@@Z 0040acea f   lsass.obj
 0001:00009e47       ?Exploit2@@YA_NUEXINFO@@IH@Z 0040ae47 f   lsass.obj
 0001:0000a404       ?lsass@@YAHUEXINFO@@@Z     0040b404 f   lsass.obj
 0001:0000a696       ?replacestr@@YAPADPADPBD1@Z 0040b696 f   misc.obj
 0001:0000a762       ?Split@@YAHPADPAX@Z        0040b762 f   misc.obj
 0001:0000a8bc       ?initskip@@YAXPADHQAH@Z    0040b8bc f   misc.obj
 0001:0000a91d       ?lstrindex@@YAHD@Z         0040b91d f   misc.obj
 0001:0000a94e       ?lstrstr@@YAPADPAD0@Z      0040b94e f   misc.obj
 0001:0000aa98       ?PrintError@@YAPADPAD@Z    0040ba98 f   misc.obj
 0001:0000ab59       ?GetClipboardText@@YAPADXZ 0040bb59 f   misc.obj
 0001:0000aba3       ?mirccmd@@YAHPAD@Z         0040bba3 f   misc.obj
 0001:0000ac3d       ?SetFileTime@@YAXPAD@Z     0040bc3d f   misc.obj
 0001:0000ad1a       ?CreateProc@@YAKPAD0@Z     0040bd1a f   misc.obj
 0001:0000adbe       ?Reboot@@YAHXZ             0040bdbe f   misc.obj
 0001:0000ade9       ?uninstall@@YAXXZ          0040bde9 f   misc.obj
 0001:0000afb2       ?MSSQL@@YAHUEXINFO@@@Z     0040bfb2 f   mssql.obj
 0001:0000b373       ?Services@@YAPADHPAD@Z     0040c373 f   net.obj
 0001:0000b40d       ?ServiceControl@@YAKHPADKKPAPBD@Z 0040c40d f   net.obj
 0001:0000b7e9       ?ListServices@@YAHIPADH@Z  0040c7e9 f   net.obj
 0001:0000ba05       ?Shares@@YAPADHPAD0@Z      0040ca05 f   net.obj
 0001:0000baea       ?AsAnsiString@@YAPADPBG@Z  0040caea f   net.obj
 0001:0000bb6c       ?ShareAdd@@YAKPAD00@Z      0040cb6c f   net.obj
 0001:0000bc3c       ?ShareDel@@YAKPAD0@Z       0040cc3c f   net.obj
 0001:0000bc70       ?ListShares@@YAHIPADH0@Z   0040cc70 f   net.obj
 0001:0000bdf0       ?Users@@YAPADHPAD0I0H@Z    0040cdf0 f   net.obj
 0001:0000beec       ?UserAdd@@YAKPAD00@Z       0040ceec f   net.obj
 0001:0000bf57       ?UserDel@@YAKPAD0@Z        0040cf57 f   net.obj
 0001:0000bf89       ?UserInfo@@YAKPAD0I0H@Z    0040cf89 f   net.obj
 0001:0000c455       ?ListUsers@@YAHIPADH0@Z    0040d455 f   net.obj
 0001:0000c90c       ?NetSend@@YAPADPADI0H@Z    0040d90c f   net.obj
 0001:0000c9e3       ?NetConnect@@YAHPAD00UEXINFO@@@Z 0040d9e3 f   netbios.obj
 0001:0000cd7d       ?RootBox@@YAHPAD0UEXINFO@@@Z 0040dd7d f   netbios.obj
 0001:0000cde3       ?NetBios@@YAHUEXINFO@@@Z   0040dde3 f   netbios.obj
 0001:0000d085       ?PrivateIP@@YAHPBD@Z       0040e085 f   netutils.obj
 0001:0000d13b       ?ResolveAddress@@YAKPAD@Z  0040e13b f   netutils.obj
 0001:0000d17b       ?FlushDNSCache@@YAHXZ      0040e17b f   netutils.obj
 0001:0000d19a       ?FlushARPCache@@YAHXZ      0040e19a f   netutils.obj
 0001:0000d339       ?GetIP@@YAPADI@Z           0040e339 f   netutils.obj
 0001:0000d394       ?checksum@@YAGPAGH@Z       0040e394 f   netutils.obj
 0001:0000d3ff       ?in_cksum@@YAGPAGH@Z       0040e3ff f   netutils.obj
 0001:0000d48b       ?ping@@YGKPAX@Z            0040e48b f   pingudp.obj
 0001:0000d692       ?udp@@YGKPAX@Z             0040e692 f   pingudp.obj
 0001:0000d9be       ?AdjustPrivileges@@YAHPADH@Z 0040e9be f   processes.obj
 0001:0000da50       ?listProcesses@@YAHIPADH0HH@Z 0040ea50 f   processes.obj
 0001:0000dc72       ?listProcessesThread@@YGKPAX@Z 0040ec72 f   processes.obj
 0001:0000dd6e       ?killProcess@@YAHH@Z       0040ed6e f   processes.obj
 0001:0000ddb4       _WinMain@16                0040edb4 f   rBot.obj
 0001:0000e46c       ?irc_connect@@YGKPAX@Z     0040f46c f   rBot.obj
 0001:0000e650       ?irc_receiveloop@@YAHIPAD00I00H@Z 0040f650 f   rBot.obj
 0001:0000e865       ?irc_parseline@@YAHPADI0000QAY0IA@D0PAHHH@Z 0040f865 f   rBot.obj
 0001:00017f7b       ?RedirectThread@@YGKPAX@Z  00418f7b f   redirect.obj
 0001:0001817a       ?RedirectLoopThread@@YGKPAX@Z 0041917a f   redirect.obj
 0001:00018447       ?RedirectLoop2Thread@@YGKPAX@Z 00419447 f   redirect.obj
 0001:0001853a       ?Close_Handles@@YAXXZ      0041953a f   remotecmd.obj
 0001:0001857e       ?send_commands@@YAHPAD@Z   0041957e f   remotecmd.obj
 0001:000185b8       ?pipe_send@@YAHIPAD0@Z     004195b8 f   remotecmd.obj
 0001:0001863f       ?PipeReadThread@@YGKPAX@Z  0041963f f   remotecmd.obj
 0001:00018815       ?open_cmd@@YAHIPAD@Z       00419815 f   remotecmd.obj
 0001:00018a91       ?RlogindClientThread@@YGKPAX@Z 00419a91 f   rlogind.obj
 0001:00018ec8       ?RlogindThread@@YGKPAX@Z   00419ec8 f   rlogind.obj
 0001:00019216       ?rndnickconst@@YAPADPAD@Z  0041a216 f   rndnick.obj
 0001:0001927e       ?rndnickletter@@YAPADPAD@Z 0041a27e f   rndnick.obj
 0001:000192df       ?rndnickcomp@@YAPADPAD@Z   0041a2df f   rndnick.obj
 0001:000193cd       ?rndnickcountry@@YAPADPAD@Z 0041a3cd f   rndnick.obj
 0001:00019449       ?rndnickos@@YAPADPAD@Z     0041a449 f   rndnick.obj
 0001:00019597       ?prefixnick@@YAPADPAD@Z    0041a597 f   rndnick.obj
 0001:00019656       ?rndnick@@YAPADPADHH0@Z    0041a656 f   rndnick.obj
 0001:000196e5       ?ScanConnectThread@@YGKPAX@Z 0041a6e5 f   scan.obj
 0001:00019801       ?ScanThread@@YGKPAX@Z      0041a801 f   scan.obj
 0001:0001996b       ?SecureThread@@YGKPAX@Z    0041a96b f   secure.obj
 0001:000199ec       ?SecureSystem@@YAHIPADHH@Z 0041a9ec f   secure.obj
 0001:00019e4e       ?UnSecureSystem@@YAHIPADHH@Z 0041ae4e f   secure.obj
 0001:0001a281       ?SessionRun@@YAHH@Z        0041b281 f   session.obj
 0001:0001aad7       ?GetShellcodeSize@@YAKPAD0@Z 0041bad7 f   shellcode.obj
 0001:0001ab07       ?GetShellcode@@YAKPADK00@Z 0041bb07 f   shellcode.obj
 0001:0001ac6d       ?GetRNS0TerminatedShellcodeSize@@YAKPAD0@Z 0041bc6d f   shellcode.obj
 0001:0001ac86       ?GetRNS0TerminatedShellcode@@YAKPADK00@Z 0041bc86 f   shellcode.obj
 0001:0001ad18       ?GetRNS0EncodedSize@@YAKK@Z 0041bd18 f   shellcode.obj
 0001:0001ad4a       ?EncodeRNS0@@YAKPADK0K@Z   0041bd4a f   shellcode.obj
 0001:0001aefa       ?Socks4Thread@@YGKPAX@Z    0041befa f   socks4.obj
 0001:0001b186       ?Socks4ClientThread@@YGKPAX@Z 0041c186 f   socks4.obj
 0001:0001b624       ?TransferLoop@@YAXII@Z     0041c624 f   socks4.obj
 0001:0001b80f       ?SynFloodThread@@YGKPAX@Z  0041c80f f   synflood.obj
 0001:0001b8c3       ?SendSyn@@YAJKIGH@Z        0041c8c3 f   synflood.obj
 0001:0001bc6e       ?SynFlood@@YAJPAD00@Z      0041cc6e f   synflood.obj
 0001:0001bcee       ?Uptime@@YAPADH@Z          0041ccee f   sysinfo.obj
 0001:0001bd79       ?OSVersionCheck@@YAHXZ     0041cd79 f   sysinfo.obj
 0001:0001be72       ?GetCPUSpeed@@YA_KXZ       0041ce72 f   sysinfo.obj
 0001:0001bf91       ?sysinfo@@YAPADPADI@Z      0041cf91 f   sysinfo.obj
 0001:0001c2e6       ?netinfo@@YAPADPAD0I@Z     0041d2e6 f   sysinfo.obj
 0001:0001c3c3       ?GetCycleCount@@YA_KXZ     0041d3c3 f i sysinfo.obj
 0001:0001c3d0       ?TcpFloodThread@@YGKPAX@Z  0041d3d0 f   tcpflood.obj
 0001:0001c9fd       ?tftpserver@@YGKPAX@Z      0041d9fd f   tftpd.obj
 0001:0001d140       ?addthread@@YAHPADHI@Z     0041e140 f   threads.obj
 0001:0001d1f1       ?ListThread@@YGKPAX@Z      0041e1f1 f   threads.obj
 0001:0001d24f       ?listthreads@@YAXIPADHH@Z  0041e24f f   threads.obj
 0001:0001d2f6       ?killthread@@YAHH@Z        0041e2f6 f   threads.obj
 0001:0001d41b       ?killthreadall@@YAHXZ      0041e41b f   threads.obj
 0001:0001d469       ?killthreadid@@YAHHH@Z     0041e469 f   threads.obj
 0001:0001d4ef       ?findthreadid@@YAHH@Z      0041e4ef f   threads.obj
 0001:0001d530       ?findthreadnum@@YAHH@Z     0041e530 f   threads.obj
 0001:0001d572       ?stopthread@@YAXIPADHH00H0@Z 0041e572 f   threads.obj
 0001:0001d618       ?clearthread@@YAXH@Z       0041e618 f   threads.obj
 0001:0001d69d       ?VisitThread@@YGKPAX@Z     0041e69d f   visit.obj
 0001:0001d9b5       ?wildcardfit@@YAHPAD0@Z    0041e9b5 f   wildcard.obj
 0001:0001dab0       ?set@@YAHPAPAD0@Z          0041eab0 f   wildcard.obj
 0001:0001dbce       ?asterisk@@YAHPAPAD0@Z     0041ebce f   wildcard.obj
 0001:0001dd60       _strncat                   0041ed60 f   LIBCMTD:strncat.obj
 0001:0001de90       _sprintf                   0041ee90 f   LIBCMTD:sprintf.obj
 0001:0001df90       _strrchr                   0041ef90 f   LIBCMTD:strrchr.obj
 0001:0001dfc0       _strncpy                   0041efc0 f   LIBCMTD:strncpy.obj
 0001:0001e0c0       _memcpy                    0041f0c0 f   LIBCMTD:memcpy.obj
 0001:0001e400       _srand                     0041f400 f   LIBCMTD:rand.obj
 0001:0001e410       _rand                      0041f410 f   LIBCMTD:rand.obj
 0001:0001e450       _sscanf                    0041f450 f   LIBCMTD:sscanf.obj
 0001:0001e510       _strlen                    0041f510 f   LIBCMTD:strlen.obj
 0001:0001e590       _memset                    0041f590 f   LIBCMTD:memset.obj
 0001:0001e5f0       __alloca_probe             0041f5f0 f   LIBCMTD:chkstk.obj
 0001:0001e5f0       __chkstk                   0041f5f0 f   LIBCMTD:chkstk.obj
 0001:0001e620       _strcmp                    0041f620 f   LIBCMTD:strcmp.obj
 0001:0001e6b0       __snprintf                 0041f6b0 f   LIBCMTD:snprintf.obj
 0001:0001e7b0       __vsnprintf                0041f7b0 f   LIBCMTD:vsnprint.obj
 0001:0001e8b0       _atol                      0041f8b0 f   LIBCMTD:atox.obj
 0001:0001e9b0       _atoi                      0041f9b0 f   LIBCMTD:atox.obj
 0001:0001e9d0       __atoi64                   0041f9d0 f   LIBCMTD:atox.obj
 0001:0001eb00       _malloc                    0041fb00 f   LIBCMTD:dbgheap.obj
 0001:0001eb20       __malloc_dbg               0041fb20 f   LIBCMTD:dbgheap.obj
 0001:0001eb50       __nh_malloc                0041fb50 f   LIBCMTD:dbgheap.obj
 0001:0001eb70       __nh_malloc_dbg            0041fb70 f   LIBCMTD:dbgheap.obj
 0001:0001ebd0       __heap_alloc               0041fbd0 f   LIBCMTD:dbgheap.obj
 0001:0001ebf0       __heap_alloc_dbg           0041fbf0 f   LIBCMTD:dbgheap.obj
 0001:0001ef10       _calloc                    0041ff10 f   LIBCMTD:dbgheap.obj
 0001:0001ef30       __calloc_dbg               0041ff30 f   LIBCMTD:dbgheap.obj
 0001:0001ef90       _realloc                   0041ff90 f   LIBCMTD:dbgheap.obj
 0001:0001efb0       __realloc_dbg              0041ffb0 f   LIBCMTD:dbgheap.obj
 0001:0001f510       __expand                   00420510 f   LIBCMTD:dbgheap.obj
 0001:0001f530       __expand_dbg               00420530 f   LIBCMTD:dbgheap.obj
 0001:0001f570       _free                      00420570 f   LIBCMTD:dbgheap.obj
 0001:0001f590       __free_lk                  00420590 f   LIBCMTD:dbgheap.obj
 0001:0001f5b0       __free_dbg                 004205b0 f   LIBCMTD:dbgheap.obj
 0001:0001f5e0       __free_dbg_lk              004205e0 f   LIBCMTD:dbgheap.obj
 0001:0001f9d0       __msize                    004209d0 f   LIBCMTD:dbgheap.obj
 0001:0001f9f0       __msize_dbg                004209f0 f   LIBCMTD:dbgheap.obj
 0001:0001fb50       __CrtSetBreakAlloc         00420b50 f   LIBCMTD:dbgheap.obj
 0001:0001fb70       __CrtSetDbgBlockType       00420b70 f   LIBCMTD:dbgheap.obj
 0001:0001fc10       __CrtSetAllocHook          00420c10 f   LIBCMTD:dbgheap.obj
 0001:0001fcc0       __CrtCheckMemory           00420cc0 f   LIBCMTD:dbgheap.obj
 0001:00020030       __CrtSetDbgFlag            00421030 f   LIBCMTD:dbgheap.obj
 0001:00020060       __CrtDoForAllClientObjects 00421060 f   LIBCMTD:dbgheap.obj
 0001:000200d0       __CrtIsValidPointer        004210d0 f   LIBCMTD:dbgheap.obj
 0001:00020120       __CrtIsValidHeapPointer    00421120 f   LIBCMTD:dbgheap.obj
 0001:000201b0       __CrtIsMemoryBlock         004211b0 f   LIBCMTD:dbgheap.obj
 0001:000202a0       __CrtSetDumpClient         004212a0 f   LIBCMTD:dbgheap.obj
 0001:000202c0       __CrtMemCheckpoint         004212c0 f   LIBCMTD:dbgheap.obj
 0001:00020430       __CrtMemDifference         00421430 f   LIBCMTD:dbgheap.obj
 0001:00020560       __CrtMemDumpAllObjectsSince 00421560 f   LIBCMTD:dbgheap.obj
 0001:00020940       __CrtDumpMemoryLeaks       00421940 f   LIBCMTD:dbgheap.obj
 0001:000209c0       __CrtMemDumpStatistics     004219c0 f   LIBCMTD:dbgheap.obj
 0001:00020a90       _fclose                    00421a90 f   LIBCMTD:fclose.obj
 0001:00020b20       __fclose_lk                00421b20 f   LIBCMTD:fclose.obj
 0001:00020be0       _strtok                    00421be0 f   LIBCMTD:strtok.obj
 0001:00020d40       _strchr                    00421d40 f   LIBCMTD:strchr.obj
 0001:00020d46       ___from_strstr_to_strchr   00421d46 f   LIBCMTD:strchr.obj
 0001:00020e00       _strstr                    00421e00 f   LIBCMTD:strstr.obj
 0001:00020e80       _fgets                     00421e80 f   LIBCMTD:fgets.obj
 0001:00020fc0       __fsopen                   00421fc0 f   LIBCMTD:fopen.obj
 0001:000210c0       _fopen                     004220c0 f   LIBCMTD:fopen.obj
 0001:000210e0       _fread                     004220e0 f   LIBCMTD:fread.obj
 0001:00021120       __fread_lk                 00422120 f   LIBCMTD:fread.obj
 0001:000212f0       _strcpy                    004222f0 f   LIBCMTD:strcat.obj
 0001:00021300       _strcat                    00422300 f   LIBCMTD:strcat.obj
 0001:000213e0       _fwrite                    004223e0 f   LIBCMTD:fwrite.obj
 0001:00021420       __fwrite_lk                00422420 f   LIBCMTD:fwrite.obj
 0001:00021640       _wcscat                    00422640 f   LIBCMTD:wcscat.obj
 0001:000216a0       _wcscpy                    004226a0 f   LIBCMTD:wcscat.obj
 0001:000216e0       __allmul                   004226e0 f   LIBCMTD:llmul.obj
 0001:00021720       __fpmath                   00422720 f   LIBCMTD:fpinit.obj
 0001:00021750       __fpclear                  00422750 f   LIBCMTD:fpinit.obj
 0001:00021760       __cfltcvt_init             00422760 f   LIBCMTD:fpinit.obj
 0001:000217b0       ___setfflag                004227b0 f   LIBCMTD:fpinit.obj
 0001:000217d0       __access                   004227d0 f   LIBCMTD:access.obj
 0001:00021830       __aulldiv                  00422830 f   LIBCMTD:ulldiv.obj
 0001:000218a0       __aullrem                  004228a0 f   LIBCMTD:ullrem.obj
 0001:00021920       __alldiv                   00422920 f   LIBCMTD:lldiv.obj
 0001:000219d0       __strupr                   004229d0 f   LIBCMTD:strupr.obj
 0001:00021b90       _memcmp                    00422b90 f   LIBCMTD:memcmp.obj
 0001:00021c40       _fprintf                   00422c40 f   LIBCMTD:fprintf.obj
 0001:00021d10       __tolower                  00422d10 f   LIBCMTD:tolower.obj
 0001:00021d20       _tolower                   00422d20 f   LIBCMTD:tolower.obj
 0001:00021dc0       __tolower_lk               00422dc0 f   LIBCMTD:tolower.obj
 0001:00021ef0       ??2@YAPAXI@Z               00422ef0 f   LIBCMTD:new.obj
 0001:00021f10       _wcslen                    00422f10 f   LIBCMTD:wcslen.obj
 0001:00021f40       _mbstowcs                  00422f40 f   LIBCMTD:mbstowcs.obj
 0001:00021fc0       __mbstowcs_lk              00422fc0 f   LIBCMTD:mbstowcs.obj
 0001:000221b0       __cinit                    004231b0 f   LIBCMTD:crt0dat.obj
 0001:000221f0       _exit                      004231f0 f   LIBCMTD:crt0dat.obj
 0001:00022210       __exit                     00423210 f   LIBCMTD:crt0dat.obj
 0001:00022230       __cexit                    00423230 f   LIBCMTD:crt0dat.obj
 0001:00022250       __c_exit                   00423250 f   LIBCMTD:crt0dat.obj
 0001:00022360       __lockexit                 00423360 f   LIBCMTD:crt0dat.obj
 0001:00022370       __unlockexit               00423370 f   LIBCMTD:crt0dat.obj
 0001:000223b0       __splitpath                004233b0 f   LIBCMTD:splitpat.obj
 0001:00022600       _remove                    00423600 f   LIBCMTD:unlink.obj
 0001:00022650       __unlink                   00423650 f   LIBCMTD:unlink.obj
 0001:00022670       _strtol                    00423670 f   LIBCMTD:strtol.obj
 0001:000229d0       _strtoul                   004239d0 f   LIBCMTD:strtol.obj
 0001:000229f0       _strncmp                   004239f0 f   LIBCMTD:strncmp.obj
 0001:00022a30       _fseek                     00423a30 f   LIBCMTD:fseek.obj
 0001:00022aa0       __fseek_lk                 00423aa0 f   LIBCMTD:fseek.obj
 0001:00022bd0       _WinMainCRTStartup         00423bd0 f   LIBCMTD:wincrt0.obj
 0001:00022d40       __amsg_exit                00423d40 f   LIBCMTD:wincrt0.obj
 0001:00022da0       __flsbuf                   00423da0 f   LIBCMTD:_flsbuf.obj
 0001:00023020       __output                   00424020 f   LIBCMTD:output.obj
 0001:00023ec0       __CrtDbgBreak              00424ec0 f   LIBCMTD:dbgrpt.obj
 0001:00023ed0       __CrtSetReportMode         00424ed0 f   LIBCMTD:dbgrpt.obj
 0001:00023f30       __CrtSetReportFile         00424f30 f   LIBCMTD:dbgrpt.obj
 0001:00023fb0       __CrtSetReportHook         00424fb0 f   LIBCMTD:dbgrpt.obj
 0001:00023fd0       __CrtDbgReport             00424fd0 f   LIBCMTD:dbgrpt.obj
 0001:00024670       __mtinit                   00425670 f   LIBCMTD:tidtable.obj
 0001:00024700       __mtterm                   00425700 f   LIBCMTD:tidtable.obj
 0001:00024730       __initptd                  00425730 f   LIBCMTD:tidtable.obj
 0001:00024750       __getptd                   00425750 f   LIBCMTD:tidtable.obj
 0001:000247f0       __freeptd                  004257f0 f   LIBCMTD:tidtable.obj
 0001:00024900       ___threadid                00425900 f   LIBCMTD:tidtable.obj
 0001:00024910       ___threadhandle            00425910 f   LIBCMTD:tidtable.obj
 0001:00024920       __input                    00425920 f   LIBCMTD:input.obj
 0001:00025e20       __isctype                  00426e20 f   LIBCMTD:isctype.obj
 0001:00025ee0       ?_set_new_handler@@YAP6AHI@ZP6AHI@Z@Z 00426ee0 f   LIBCMTD:handler.obj
 0001:00025f10       ?_query_new_handler@@YAP6AHI@ZXZ 00426f10 f   LIBCMTD:handler.obj
 0001:00025f20       __callnewh                 00426f20 f   LIBCMTD:handler.obj
 0001:00025f50       __mtinitlocks              00426f50 f   LIBCMTD:mlock.obj
 0001:00025f90       __mtdeletelocks            00426f90 f   LIBCMTD:mlock.obj
 0001:00026030       __lock                     00427030 f   LIBCMTD:mlock.obj
 0001:000260d0       __unlock                   004270d0 f   LIBCMTD:mlock.obj
 0001:000260f0       __lockerr_exit             004270f0 f   LIBCMTD:mlock.obj
 0001:00026110       __malloc_base              00427110 f   LIBCMTD:malloc.obj
 0001:00026130       __nh_malloc_base           00427130 f   LIBCMTD:malloc.obj
 0001:00026190       __heap_alloc_base          00427190 f   LIBCMTD:malloc.obj
 0001:00026200       __CrtDefaultAllocHook      00427200 f   LIBCMTD:dbghook.obj
 0001:00026210       __expand_base              00427210 f   LIBCMTD:expand.obj
 0001:000262c0       __realloc_base             004272c0 f   LIBCMTD:realloc.obj
 0001:000264b0       __free_base                004274b0 f   LIBCMTD:free.obj
 0001:00026520       __heapchk                  00427520 f   LIBCMTD:heapchk.obj
 0001:000265a0       __heapset                  004275a0 f   LIBCMTD:heapchk.obj
 0001:000265b0       __heap_init                004275b0 f   LIBCMTD:heapinit.obj
 0001:00026600       __heap_term                00427600 f   LIBCMTD:heapinit.obj
 0001:000266a0       __get_sbh_threshold        004276a0 f   LIBCMTD:sbheap.obj
 0001:000266b0       __set_sbh_threshold        004276b0 f   LIBCMTD:sbheap.obj
 0001:000266d0       ___sbh_heap_init           004276d0 f   LIBCMTD:sbheap.obj
 0001:00026730       ___sbh_find_block          00427730 f   LIBCMTD:sbheap.obj
 0001:00026790       ___sbh_verify_block        00427790 f   LIBCMTD:sbheap.obj
 0001:000267f0       ___sbh_free_block          004277f0 f   LIBCMTD:sbheap.obj
 0001:00026dc0       ___sbh_alloc_block         00427dc0 f   LIBCMTD:sbheap.obj
 0001:00027300       ___sbh_alloc_new_region    00428300 f   LIBCMTD:sbheap.obj
 0001:00027410       ___sbh_alloc_new_group     00428410 f   LIBCMTD:sbheap.obj
 0001:00027600       ___sbh_resize_block        00428600 f   LIBCMTD:sbheap.obj
 0001:00027bf0       ___sbh_heapmin             00428bf0 f   LIBCMTD:sbheap.obj
 0001:00027d20       ___sbh_heap_check          00428d20 f   LIBCMTD:sbheap.obj
 0001:00028340       ___initstdio               00429340 f   LIBCMTD:_file.obj
 0001:00028470       ___endstdio                00429470 f   LIBCMTD:_file.obj
 0001:00028490       __lock_file                00429490 f   LIBCMTD:_file.obj
 0001:000284d0       __lock_file2               004294d0 f   LIBCMTD:_file.obj
 0001:00028500       __unlock_file              00429500 f   LIBCMTD:_file.obj
 0001:00028540       __unlock_file2             00429540 f   LIBCMTD:_file.obj
 0001:00028570       __close                    00429570 f   LIBCMTD:close.obj
 0001:000285f0       __close_lk                 004295f0 f   LIBCMTD:close.obj
 0001:000286a0       __freebuf                  004296a0 f   LIBCMTD:_freebuf.obj
 0001:00028740       _fflush                    00429740 f   LIBCMTD:fflush.obj
 0001:00028790       __fflush_lk                00429790 f   LIBCMTD:fflush.obj
 0001:000287e0       __flush                    004297e0 f   LIBCMTD:fflush.obj
 0001:000288a0       __flushall                 004298a0 f   LIBCMTD:fflush.obj
 0001:000289f0       __filbuf                   004299f0 f   LIBCMTD:_filbuf.obj
 0001:00028be0       __openfile                 00429be0 f   LIBCMTD:_open.obj
 0001:00028f70       __getstream                00429f70 f   LIBCMTD:stream.obj
 0001:000290f0       __read                     0042a0f0 f   LIBCMTD:read.obj
 0001:00029180       __read_lk                  0042a180 f   LIBCMTD:read.obj
 0001:000295d0       __write                    0042a5d0 f   LIBCMTD:write.obj
 0001:00029660       __write_lk                 0042a660 f   LIBCMTD:write.obj
 0001:000298e0       __setdefaultprecision      0042a8e0 f   LIBCMTD:fp8.obj
 0001:00029900       __ms_p5_test_fdiv          0042a900 f   LIBCMTD:testfdiv.obj
 0001:00029960       __ms_p5_mp_test_fdiv       0042a960 f   LIBCMTD:testfdiv.obj
 0001:000299b0       __forcdecpt                0042a9b0 f   LIBCMTD:cvt.obj
 0001:00029a60       __cropzeros                0042aa60 f   LIBCMTD:cvt.obj
 0001:00029b40       __positive                 0042ab40 f   LIBCMTD:cvt.obj
 0001:00029b70       __fassign                  0042ab70 f   LIBCMTD:cvt.obj
 0001:00029bc0       __cftoe                    0042abc0 f   LIBCMTD:cvt.obj
 0001:00029db0       __cftof                    0042adb0 f   LIBCMTD:cvt.obj
 0001:00029f60       __cftog                    0042af60 f   LIBCMTD:cvt.obj
 0001:0002a050       __cfltcvt                  0042b050 f   LIBCMTD:cvt.obj
 0001:0002a0e0       __dosmaperr                0042b0e0 f   LIBCMTD:dosmap.obj
 0001:0002a180       __errno                    0042b180 f   LIBCMTD:dosmap.obj
 0001:0002a190       ___doserrno                0042b190 f   LIBCMTD:dosmap.obj
 0001:0002a1a0       ___crtLCMapStringA         0042b1a0 f   LIBCMTD:a_map.obj
 0001:0002a500       _setlocale                 0042b500 f   LIBCMTD:setlocal.obj
 0001:0002ab90       __expandlocale             0042bb90 f   LIBCMTD:setlocal.obj
 0001:0002ad20       ___init_dummy              0042bd20 f   LIBCMTD:setlocal.obj
 0001:0002ad30       __strcats                  0042bd30 f   LIBCMTD:setlocal.obj
 0001:0002ad80       ___lc_strtolc              0042bd80 f   LIBCMTD:setlocal.obj
 0001:0002aee0       ___lc_lctostr              0042bee0 f   LIBCMTD:setlocal.obj
 0001:0002af50       __stbuf                    0042bf50 f   LIBCMTD:_sftbuf.obj
 0001:0002b0b0       __ftbuf                    0042c0b0 f   LIBCMTD:_sftbuf.obj
 0001:0002b150       __setmbcp                  0042c150 f   LIBCMTD:mbctype.obj
 0001:0002b910       __getmbcp                  0042c910 f   LIBCMTD:mbctype.obj
 0001:0002b930       ___initmbctable            0042c930 f   LIBCMTD:mbctype.obj
 0001:0002b960       __mbsnbcpy                 0042c960 f   LIBCMTD:mbsnbcpy.obj
 0001:0002ba90       __toupper                  0042ca90 f   LIBCMTD:toupper.obj
 0001:0002baa0       _toupper                   0042caa0 f   LIBCMTD:toupper.obj
 0001:0002bb40       __toupper_lk               0042cb40 f   LIBCMTD:toupper.obj
 0001:0002bc70       __lseek                    0042cc70 f   LIBCMTD:lseek.obj
 0001:0002bd00       __lseek_lk                 0042cd00 f   LIBCMTD:lseek.obj
 0001:0002bdc0       _ftell                     0042cdc0 f   LIBCMTD:ftell.obj
 0001:0002be30       __ftell_lk                 0042ce30 f   LIBCMTD:ftell.obj
 0001:0002c0d0       __XcptFilter               0042d0d0 f   LIBCMTD:winxfltr.obj
 0001:0002c2f0       __wincmdln                 0042d2f0 f   LIBCMTD:wincmdln.obj
 0001:0002c3b0       __setenvp                  0042d3b0 f   LIBCMTD:stdenvp.obj
 0001:0002c500       __setargv                  0042d500 f   LIBCMTD:stdargv.obj
 0001:0002ca10       ___crtGetEnvironmentStringsA 0042da10 f   LIBCMTD:a_env.obj
 0001:0002cc30       __ioinit                   0042dc30 f   LIBCMTD:ioinit.obj
 0001:0002cf60       __ioterm                   0042df60 f   LIBCMTD:ioinit.obj
 0001:0002cffc       __global_unwind2           0042dffc f   LIBCMTD:exsup.obj
 0001:0002d03e       __local_unwind2            0042e03e f   LIBCMTD:exsup.obj
 0001:0002d096       __NLG_Return2              0042e096 f   LIBCMTD:exsup.obj
 0001:0002d0a6       __abnormal_termination     0042e0a6 f   LIBCMTD:exsup.obj
 0001:0002d0c9       __NLG_Notify1              0042e0c9 f   LIBCMTD:exsup.obj
 0001:0002d0d2       __NLG_Notify               0042e0d2 f   LIBCMTD:exsup.obj
 0001:0002d0e5       __NLG_Dispatch             0042e0e5 f   LIBCMTD:exsup.obj
 0001:0002d0f4       __except_handler3          0042e0f4 f   LIBCMTD:exsup3.obj
 0001:0002d1b1       __seh_longjmp_unwind@4     0042e1b1 f   LIBCMTD:exsup3.obj
 0001:0002d1d0       __FF_MSGBANNER             0042e1d0 f   LIBCMTD:crt0msg.obj
 0001:0002d220       __NMSG_WRITE               0042e220 f   LIBCMTD:crt0msg.obj
 0001:0002d3e0       __GET_RTERRMSG             0042e3e0 f   LIBCMTD:crt0msg.obj
 0001:0002d430       __getbuf                   0042e430 f   LIBCMTD:_getbuf.obj
 0001:0002d500       __isatty                   0042e500 f   LIBCMTD:isatty.obj
 0001:0002d540       _wctomb                    0042e540 f   LIBCMTD:wctomb.obj
 0001:0002d5c0       __wctomb_lk                0042e5c0 f   LIBCMTD:wctomb.obj
 0001:0002d660       __itoa                     0042e660 f   LIBCMTD:xtoa.obj
 0001:0002d780       __ltoa                     0042e780 f   LIBCMTD:xtoa.obj
 0001:0002d7c0       __ultoa                    0042e7c0 f   LIBCMTD:xtoa.obj
 0001:0002d7e0       __i64toa                   0042e7e0 f   LIBCMTD:xtoa.obj
 0001:0002d930       __ui64toa                  0042e930 f   LIBCMTD:xtoa.obj
 0001:0002d950       _signal                    0042e950 f   LIBCMTD:winsig.obj
 0001:0002dc20       _raise                     0042ec20 f   LIBCMTD:winsig.obj
 0001:0002dec0       ___fpecode                 0042eec0 f   LIBCMTD:winsig.obj
 0001:0002ded0       ___pxcptinfoptrs           0042eed0 f   LIBCMTD:winsig.obj
 0001:0002dee0       ___crtMessageBoxA          0042eee0 f   LIBCMTD:crtmbox.obj
 0001:0002dfa0       _mbtowc                    0042efa0 f   LIBCMTD:mbtowc.obj
 0001:0002e020       __mbtowc_lk                0042f020 f   LIBCMTD:mbtowc.obj
 0001:0002e180       _isalpha                   0042f180 f   LIBCMTD:_ctype.obj
 0001:0002e1d0       _isupper                   0042f1d0 f   LIBCMTD:_ctype.obj
 0001:0002e210       _islower                   0042f210 f   LIBCMTD:_ctype.obj
 0001:0002e250       _isdigit                   0042f250 f   LIBCMTD:_ctype.obj
 0001:0002e290       _isxdigit                  0042f290 f   LIBCMTD:_ctype.obj
 0001:0002e2e0       _isspace                   0042f2e0 f   LIBCMTD:_ctype.obj
 0001:0002e320       _ispunct                   0042f320 f   LIBCMTD:_ctype.obj
 0001:0002e360       _isalnum                   0042f360 f   LIBCMTD:_ctype.obj
 0001:0002e3b0       _isprint                   0042f3b0 f   LIBCMTD:_ctype.obj
 0001:0002e400       _isgraph                   0042f400 f   LIBCMTD:_ctype.obj
 0001:0002e450       _iscntrl                   0042f450 f   LIBCMTD:_ctype.obj
 0001:0002e490       ___isascii                 0042f490 f   LIBCMTD:_ctype.obj
 0001:0002e4a0       ___toascii                 0042f4a0 f   LIBCMTD:_ctype.obj
 0001:0002e4b0       ___iscsymf                 0042f4b0 f   LIBCMTD:_ctype.obj
 0001:0002e510       ___iscsym                  0042f510 f   LIBCMTD:_ctype.obj
 0001:0002e570       __allshl                   0042f570 f   LIBCMTD:llshl.obj
 0001:0002e590       _ungetc                    0042f590 f   LIBCMTD:ungetc.obj
 0001:0002e600       __ungetc_lk                0042f600 f   LIBCMTD:ungetc.obj
 0001:0002e740       ___crtGetStringTypeA       0042f740 f   LIBCMTD:a_str.obj
 0001:0002e900       _memmove                   0042f900 f   LIBCMTD:memmove.obj
 0001:0002ec40       __fcloseall                0042fc40 f   LIBCMTD:closeall.obj
 0001:0002ed20       __alloc_osfhnd             0042fd20 f   LIBCMTD:osfinfo.obj
 0001:0002ef10       __set_osfhnd               0042ff10 f   LIBCMTD:osfinfo.obj
 0001:0002efd0       __free_osfhnd              0042ffd0 f   LIBCMTD:osfinfo.obj
 0001:0002f0b0       __get_osfhandle            004300b0 f   LIBCMTD:osfinfo.obj
 0001:0002f120       __open_osfhandle           00430120 f   LIBCMTD:osfinfo.obj
 0001:0002f230       __lock_fhandle             00430230 f   LIBCMTD:osfinfo.obj
 0001:0002f2c0       __unlock_fhandle           004302c0 f   LIBCMTD:osfinfo.obj
 0001:0002f2f0       __commit                   004302f0 f   LIBCMTD:commit.obj
 0001:0002f3d0       __open                     004303d0 f   LIBCMTD:open.obj
 0001:0002f410       __sopen                    00430410 f   LIBCMTD:open.obj
 0001:0002f970       __statusfp                 00430970 f   LIBCMTD:ieee87.obj
 0001:0002f990       __clearfp                  00430990 f   LIBCMTD:ieee87.obj
 0001:0002f9b0       __control87                004309b0 f   LIBCMTD:ieee87.obj
 0001:0002fa00       __controlfp                00430a00 f   LIBCMTD:ieee87.obj
 0001:0002fa20       __fpreset                  00430a20 f   LIBCMTD:ieee87.obj
 0001:0002fe10       __ZeroTail                 00430e10 f   LIBCMTD:intrncvt.obj
 0001:0002fea0       __IncMan                   00430ea0 f   LIBCMTD:intrncvt.obj
 0001:0002ff50       __RoundMan                 00430f50 f   LIBCMTD:intrncvt.obj
 0001:00030030       __CopyMan                  00431030 f   LIBCMTD:intrncvt.obj
 0001:00030080       __FillZeroMan              00431080 f   LIBCMTD:intrncvt.obj
 0001:000300b0       __IsZeroMan                004310b0 f   LIBCMTD:intrncvt.obj
 0001:000300f0       __ShrMan                   004310f0 f   LIBCMTD:intrncvt.obj
 0001:000301e0       __ld12cvt                  004311e0 f   LIBCMTD:intrncvt.obj
 0001:00030430       __ld12tod                  00431430 f   LIBCMTD:intrncvt.obj
 0001:00030450       __ld12tof                  00431450 f   LIBCMTD:intrncvt.obj
 0001:00030470       __ld12told                 00431470 f   LIBCMTD:intrncvt.obj
 0001:00030530       __atodbl                   00431530 f   LIBCMTD:intrncvt.obj
 0001:00030570       __atoldbl                  00431570 f   LIBCMTD:intrncvt.obj
 0001:000305b0       __atoflt                   004315b0 f   LIBCMTD:intrncvt.obj
 0001:000305f0       __fptostr                  004315f0 f   LIBCMTD:_fptostr.obj
 0001:000306f0       __fltout2                  004316f0 f   LIBCMTD:cfout.obj
 0001:00030770       ___dtold                   00431770 f   LIBCMTD:cfout.obj
 0001:000308e0       __fptrap                   004318e0 f   LIBCMTD:crt0fp.obj
 0001:000308f0       ___init_time               004318f0 f   LIBCMTD:inittime.obj
 0001:00031270       ___init_numeric            00432270 f   LIBCMTD:initnum.obj
 0001:000315a0       ___init_monetary           004325a0 f   LIBCMTD:initmon.obj
 0001:00031a00       ___init_ctype              00432a00 f   LIBCMTD:initctyp.obj
 0001:00031da0       ___init_collate            00432da0 f   LIBCMTD:initcoll.obj
 0001:00031db0       _strcspn                   00432db0 f   LIBCMTD:strcspn.obj
 0001:00031df0       _strpbrk                   00432df0 f   LIBCMTD:strpbrk.obj
 0001:00031e30       ___get_qualified_locale    00432e30 f   LIBCMTD:getqloc.obj
 0001:00032bd0       __ismbbkalnum              00433bd0 f   LIBCMTD:ismbbyte.obj
 0001:00032bf0       __ismbbkprint              00433bf0 f   LIBCMTD:ismbbyte.obj
 0001:00032c10       __ismbbkpunct              00433c10 f   LIBCMTD:ismbbyte.obj
 0001:00032c30       __ismbbalnum               00433c30 f   LIBCMTD:ismbbyte.obj
 0001:00032c50       __ismbbalpha               00433c50 f   LIBCMTD:ismbbyte.obj
 0001:00032c70       __ismbbgraph               00433c70 f   LIBCMTD:ismbbyte.obj
 0001:00032c90       __ismbbprint               00433c90 f   LIBCMTD:ismbbyte.obj
 0001:00032cb0       __ismbbpunct               00433cb0 f   LIBCMTD:ismbbyte.obj
 0001:00032cd0       __ismbblead                00433cd0 f   LIBCMTD:ismbbyte.obj
 0001:00032cf0       __ismbbtrail               00433cf0 f   LIBCMTD:ismbbyte.obj
 0001:00032d10       __ismbbkana                00433d10 f   LIBCMTD:ismbbyte.obj
 0001:00032dc0       __chsize                   00433dc0 f   LIBCMTD:chsize.obj
 0001:00032e40       __chsize_lk                00433e40 f   LIBCMTD:chsize.obj
 0001:00033070       ___addl                    00434070 f   LIBCMTD:mantold.obj
 0001:000330b0       ___add_12                  004340b0 f   LIBCMTD:mantold.obj
 0001:00033160       ___shl_12                  00434160 f   LIBCMTD:mantold.obj
 0001:000331c0       ___shr_12                  004341c0 f   LIBCMTD:mantold.obj
 0001:00033230       ___mtold12                 00434230 f   LIBCMTD:mantold.obj
 0001:00033370       ___strgtold12              00434370 f   LIBCMTD:strgtold.obj
 0001:00033ea0       ___STRINGTOLD              00434ea0 f   LIBCMTD:strgtold.obj
 0001:00033ef0       _$I10_OUTPUT               00434ef0 f   LIBCMTD:x10fout.obj
 0001:00034410       __Getdays                  00435410 f   LIBCMTD:strftime.obj
 0001:00034540       __Getmonths                00435540 f   LIBCMTD:strftime.obj
 0001:00034670       __Gettnames                00435670 f   LIBCMTD:strftime.obj
 0001:000349e0       _strftime                  004359e0 f   LIBCMTD:strftime.obj
 0001:00034a00       __Strftime                 00435a00 f   LIBCMTD:strftime.obj
 0001:00035880       ___getlocaleinfo           00436880 f   LIBCMTD:inithelp.obj
 0001:00035b10       _localeconv                00436b10 f   LIBCMTD:lconv.obj
 0001:00035b20       ___crtGetStringTypeW       00436b20 f   LIBCMTD:w_str.obj
 0001:00035d90       __stricmp                  00436d90 f   LIBCMTD:stricmp.obj
 0001:00035d90       __strcmpi                  00436d90 f   LIBCMTD:stricmp.obj
 0001:00035e60       __strnicmp                 00436e60 f   LIBCMTD:strnicmp.obj
 0001:00035f70       __setmode                  00436f70 f   LIBCMTD:setmode.obj
 0001:00035ff0       __setmode_lk               00436ff0 f   LIBCMTD:setmode.obj
 0001:000360c0       ___ld12mul                 004370c0 f   LIBCMTD:tenpow.obj
 0001:00036500       ___multtenpow12            00437500 f   LIBCMTD:tenpow.obj
 0001:000365d0       ___tzset                   004375d0 f   LIBCMTD:tzset.obj
 0001:00036610       __tzset                    00437610 f   LIBCMTD:tzset.obj
 0001:000369e0       __isindst                  004379e0 f   LIBCMTD:tzset.obj
 0001:00036f10       ___crtGetLocaleInfoW       00437f10 f   LIBCMTD:w_loc.obj
 0001:000370b0       ___crtGetLocaleInfoA       004380b0 f   LIBCMTD:a_loc.obj
 0001:00037260       _getenv                    00438260 f   LIBCMTD:getenv.obj
 0001:00037290       __getenv_lk                00438290 f   LIBCMTD:getenv.obj
 0001:00037360       __mbsnbicoll               00438360 f   LIBCMTD:mbsnbico.obj
 0001:000373b0       ___wtomb_environ           004383b0 f   LIBCMTD:wtombenv.obj
 0001:00037460       ___crtCompareStringA       00438460 f   LIBCMTD:a_cmp.obj
 0001:000378b0       ___crtsetenv               004388b0 f   LIBCMTD:setenv.obj
 0001:00037d00       __mbschr                   00438d00 f   LIBCMTD:mbschr.obj
 0001:00037df0       _GetLastError@0            00438df0 f   kernel32:KERNEL32.dll
 0001:00037df6       _Sleep@4                   00438df6 f   kernel32:KERNEL32.dll
 0001:00037dfc       _CreateThread@24           00438dfc f   kernel32:KERNEL32.dll
 0001:00037e02       _GetModuleFileNameA@12     00438e02 f   kernel32:KERNEL32.dll
 0001:00037e08       _ExitThread@4              00438e08 f   kernel32:KERNEL32.dll
 0001:00037e0e       _LeaveCriticalSection@4    00438e0e f   kernel32:KERNEL32.dll
 0001:00037e14       _EnterCriticalSection@4    00438e14 f   kernel32:KERNEL32.dll
 0001:00037e1a       _GetTickCount@0            00438e1a f   kernel32:KERNEL32.dll
 0001:00037e20       _InitializeCriticalSectionAndSpinCount@8 00438e20 f   kernel32:KERNEL32.dll
 0001:00037e26       _DeleteCriticalSection@4   00438e26 f   kernel32:KERNEL32.dll
 0001:00037e2c       _GetLocalTime@4            00438e2c f   kernel32:KERNEL32.dll
 0001:00037e32       _CloseHandle@4             00438e32 f   kernel32:KERNEL32.dll
 0001:00037e38       _WriteFile@20              00438e38 f   kernel32:KERNEL32.dll
 0001:00037e3e       _CreateFileA@28            00438e3e f   kernel32:KERNEL32.dll
 0001:00037e44       _ReadFile@20               00438e44 f   kernel32:KERNEL32.dll
 0001:00037e4a       _SetFilePointer@16         00438e4a f   kernel32:KERNEL32.dll
 0001:00037e50       _GetFileSize@8             00438e50 f   kernel32:KERNEL32.dll
 0001:00037e56       _GetSystemDirectoryA@8     00438e56 f   kernel32:KERNEL32.dll
 0001:00037e5c       _MultiByteToWideChar@24    00438e5c f   kernel32:KERNEL32.dll
 0001:00037e62       _TransactNamedPipe@28      00438e62 f   kernel32:KERNEL32.dll
 0001:00037e68       _QueryPerformanceCounter@4 00438e68 f   kernel32:KERNEL32.dll
 0001:00037e6e       _QueryPerformanceFrequency@4 00438e6e f   kernel32:KERNEL32.dll
 0001:00037e74       _ExitProcess@4             00438e74 f   kernel32:KERNEL32.dll
 0001:00037e7a       _CreateProcessA@40         00438e7a f   kernel32:KERNEL32.dll
 0001:00037e80       _FindClose@4               00438e80 f   kernel32:KERNEL32.dll
 0001:00037e86       _FindNextFileA@8           00438e86 f   kernel32:KERNEL32.dll
 0001:00037e8c       _FindFirstFileA@8          00438e8c f   kernel32:KERNEL32.dll
 0001:00037e92       _FreeLibrary@4             00438e92 f   kernel32:KERNEL32.dll
 0001:00037e98       _GetEnvironmentVariableW@12 00438e98 f   kernel32:KERNEL32.dll
 0001:00037e9e       _GetProcAddress@8          00438e9e f   kernel32:KERNEL32.dll
 0001:00037ea4       _LoadLibraryA@4            00438ea4 f   kernel32:KERNEL32.dll
 0001:00037eaa       _HeapFree@12               00438eaa f   kernel32:KERNEL32.dll
 0001:00037eb0       _HeapAlloc@12              00438eb0 f   kernel32:KERNEL32.dll
 0001:00037eb6       _GetProcessHeap@0          00438eb6 f   kernel32:KERNEL32.dll
 0001:00037ebc       _FileTimeToSystemTime@8    00438ebc f   kernel32:KERNEL32.dll
 0001:00037ec2       _FileTimeToLocalFileTime@8 00438ec2 f   kernel32:KERNEL32.dll
 0001:00037ec8       _VirtualQueryEx@16         00438ec8 f   kernel32:KERNEL32.dll
 0001:00037ece       _ReadProcessMemory@20      00438ece f   kernel32:KERNEL32.dll
 0001:00037ed4       _GetSystemInfo@4           00438ed4 f   kernel32:KERNEL32.dll
 0001:00037eda       _OpenProcess@12            00438eda f   kernel32:KERNEL32.dll
 0001:00037ee0       _GetTimeFormatA@24         00438ee0 f   kernel32:KERNEL32.dll
 0001:00037ee6       _GetDateFormatA@24         00438ee6 f   kernel32:KERNEL32.dll
 0001:00037eec       _GetFileAttributesA@4      00438eec f   kernel32:KERNEL32.dll
 0001:00037ef2       _GetModuleHandleA@4        00438ef2 f   kernel32:KERNEL32.dll
 0001:00037ef8       _FormatMessageA@28         00438ef8 f   kernel32:KERNEL32.dll
 0001:00037efe       _GlobalUnlock@4            00438efe f   kernel32:KERNEL32.dll
 0001:00037f04       _GlobalLock@4              00438f04 f   kernel32:KERNEL32.dll
 0001:00037f0a       _UnmapViewOfFile@4         00438f0a f   kernel32:KERNEL32.dll
 0001:00037f10       _MapViewOfFile@20          00438f10 f   kernel32:KERNEL32.dll
 0001:00037f16       _CreateFileMappingA@24     00438f16 f   kernel32:KERNEL32.dll
 0001:00037f1c       _SetFileTime@16            00438f1c f   kernel32:KERNEL32.dll
 0001:00037f22       _GetFileTime@16            00438f22 f   kernel32:KERNEL32.dll
 0001:00037f28       _ExpandEnvironmentStringsA@12 00438f28 f   kernel32:KERNEL32.dll
 0001:00037f2e       _SetFileAttributesA@8      00438f2e f   kernel32:KERNEL32.dll
 0001:00037f34       _GetTempPathA@8            00438f34 f   kernel32:KERNEL32.dll
 0001:00037f3a       _WideCharToMultiByte@32    00438f3a f   kernel32:KERNEL32.dll
 0001:00037f40       _GetComputerNameA@8        00438f40 f   kernel32:KERNEL32.dll
 0001:00037f46       _CopyFileA@12              00438f46 f   kernel32:KERNEL32.dll
 0001:00037f4c       _GetCurrentProcess@0       00438f4c f   kernel32:KERNEL32.dll
 0001:00037f52       _TerminateProcess@8        00438f52 f   kernel32:KERNEL32.dll
 0001:00037f58       _DeleteFileA@4             00438f58 f   kernel32:KERNEL32.dll
 0001:00037f5e       _GetCurrentProcessId@0     00438f5e f   kernel32:KERNEL32.dll
 0001:00037f64       _WaitForSingleObject@8     00438f64 f   kernel32:KERNEL32.dll
 0001:00037f6a       _CreateMutexA@12           00438f6a f   kernel32:KERNEL32.dll
 0001:00037f70       _MoveFileA@8               00438f70 f   kernel32:KERNEL32.dll
 0001:00037f76       _TerminateThread@8         00438f76 f   kernel32:KERNEL32.dll
 0001:00037f7c       _GetExitCodeProcess@8      00438f7c f   kernel32:KERNEL32.dll
 0001:00037f82       _PeekNamedPipe@24          00438f82 f   kernel32:KERNEL32.dll
 0001:00037f88       _DuplicateHandle@28        00438f88 f   kernel32:KERNEL32.dll
 0001:00037f8e       _CreatePipe@16             00438f8e f   kernel32:KERNEL32.dll
 0001:00037f94       _SetConsoleCtrlHandler@8   00438f94 f   kernel32:KERNEL32.dll
 0001:00037f9a       _GetLocaleInfoA@16         00438f9a f   kernel32:KERNEL32.dll
 0001:00037fa0       _GetVersionExA@4           00438fa0 f   kernel32:KERNEL32.dll
 0001:00037fa6       _GetLogicalDrives@0        00438fa6 f   kernel32:KERNEL32.dll
 0001:00037fac       _WaitForMultipleObjects@16 00438fac f   kernel32:KERNEL32.dll
 0001:00037fb2       _GenerateConsoleCtrlEvent@8 00438fb2 f   kernel32:KERNEL32.dll
 0001:00037fb8       _GlobalMemoryStatus@4      00438fb8 f   kernel32:KERNEL32.dll
 0001:00037fbe       _IsBadWritePtr@8           00438fbe f   kernel32:KERNEL32.dll
 0001:00037fc4       _IsBadReadPtr@8            00438fc4 f   kernel32:KERNEL32.dll
 0001:00037fca       _HeapValidate@12           00438fca f   kernel32:KERNEL32.dll
 0001:00037fd0       _InterlockedDecrement@4    00438fd0 f   kernel32:KERNEL32.dll
 0001:00037fd6       _InterlockedIncrement@4    00438fd6 f   kernel32:KERNEL32.dll
 0001:00037fdc       _GetStartupInfoA@4         00438fdc f   kernel32:KERNEL32.dll
 0001:00037fe2       _GetCommandLineA@0         00438fe2 f   kernel32:KERNEL32.dll
 0001:00037fe8       _GetVersion@0              00438fe8 f   kernel32:KERNEL32.dll
 0001:00037fee       _DebugBreak@0              00438fee f   kernel32:KERNEL32.dll
 0001:00037ff4       _GetStdHandle@4            00438ff4 f   kernel32:KERNEL32.dll
 0001:00037ffa       _OutputDebugStringA@4      00438ffa f   kernel32:KERNEL32.dll
 0001:00038000       _GetCurrentThreadId@0      00439000 f   kernel32:KERNEL32.dll
 0001:00038006       _TlsSetValue@8             00439006 f   kernel32:KERNEL32.dll
 0001:0003800c       _TlsAlloc@0                0043900c f   kernel32:KERNEL32.dll
 0001:00038012       _TlsFree@4                 00439012 f   kernel32:KERNEL32.dll
 0001:00038018       _SetLastError@4            00439018 f   kernel32:KERNEL32.dll
 0001:0003801e       _TlsGetValue@4             0043901e f   kernel32:KERNEL32.dll
 0001:00038024       _GetCurrentThread@0        00439024 f   kernel32:KERNEL32.dll
 0001:0003802a       _InitializeCriticalSection@4 0043902a f   kernel32:KERNEL32.dll
 0001:00038030       _FatalAppExitA@8           00439030 f   kernel32:KERNEL32.dll
 0001:00038036       _HeapReAlloc@16            00439036 f   kernel32:KERNEL32.dll
 0001:0003803c       _HeapDestroy@4             0043903c f   kernel32:KERNEL32.dll
 0001:00038042       _HeapCreate@12             00439042 f   kernel32:KERNEL32.dll
 0001:00038048       _VirtualFree@12            00439048 f   kernel32:KERNEL32.dll
 0001:0003804e       _VirtualAlloc@16           0043904e f   kernel32:KERNEL32.dll
 0001:00038054       _LCMapStringA@24           00439054 f   kernel32:KERNEL32.dll
 0001:0003805a       _LCMapStringW@24           0043905a f   kernel32:KERNEL32.dll
 0001:00038060       _GetCPInfo@8               00439060 f   kernel32:KERNEL32.dll
 0001:00038066       _GetACP@0                  00439066 f   kernel32:KERNEL32.dll
 0001:0003806c       _GetOEMCP@0                0043906c f   kernel32:KERNEL32.dll
 0001:00038072       _UnhandledExceptionFilter@4 00439072 f   kernel32:KERNEL32.dll
 0001:00038078       _FreeEnvironmentStringsA@4 00439078 f   kernel32:KERNEL32.dll
 0001:0003807e       _FreeEnvironmentStringsW@4 0043907e f   kernel32:KERNEL32.dll
 0001:00038084       _GetEnvironmentStrings@0   00439084 f   kernel32:KERNEL32.dll
 0001:0003808a       _GetEnvironmentStringsW@0  0043908a f   kernel32:KERNEL32.dll
 0001:00038090       _SetHandleCount@4          00439090 f   kernel32:KERNEL32.dll
 0001:00038096       _GetFileType@4             00439096 f   kernel32:KERNEL32.dll
 0001:0003809c       _RtlUnwind@16              0043909c f   kernel32:KERNEL32.dll
 0001:000380a2       _GetStringTypeA@20         004390a2 f   kernel32:KERNEL32.dll
 0001:000380a8       _GetStringTypeW@16         004390a8 f   kernel32:KERNEL32.dll
 0001:000380ae       _SetStdHandle@8            004390ae f   kernel32:KERNEL32.dll
 0001:000380b4       _FlushFileBuffers@4        004390b4 f   kernel32:KERNEL32.dll
 0001:000380ba       _IsValidLocale@8           004390ba f   kernel32:KERNEL32.dll
 0001:000380c0       _IsValidCodePage@4         004390c0 f   kernel32:KERNEL32.dll
 0001:000380c6       _EnumSystemLocalesA@8      004390c6 f   kernel32:KERNEL32.dll
 0001:000380cc       _GetUserDefaultLCID@0      004390cc f   kernel32:KERNEL32.dll
 0001:000380d2       _SetEndOfFile@4            004390d2 f   kernel32:KERNEL32.dll
 0001:000380d8       _GetTimeZoneInformation@4  004390d8 f   kernel32:KERNEL32.dll
 0001:000380de       _GetLocaleInfoW@16         004390de f   kernel32:KERNEL32.dll
 0001:000380e4       _CompareStringA@24         004390e4 f   kernel32:KERNEL32.dll
 0001:000380ea       _CompareStringW@24         004390ea f   kernel32:KERNEL32.dll
 0001:000380f0       _SetEnvironmentVariableA@8 004390f0 f   kernel32:KERNEL32.dll
 0001:00038100       __wcsicmp                  00439100 f   LIBCMTD:wcsicmp.obj
 0001:00038100       _wcsicmp                   00439100 f   LIBCMTD:wcsicmp.obj
 0001:000382b0       _strdup                    004392b0 f   LIBCMTD:strdup.obj
 0001:000382b0       __strdup                   004392b0 f   LIBCMTD:strdup.obj
 0001:00038300       _towlower                  00439300 f   LIBCMTD:towlower.obj
 0001:000383d0       __towlower_lk              004393d0 f   LIBCMTD:towlower.obj
 0001:00038490       ___crtLCMapStringW         00439490 f   LIBCMTD:w_map.obj
 0001:000387e0       _iswctype                  004397e0 f   LIBCMTD:iswctype.obj
 0001:00038860       _is_wctype                 00439860 f   LIBCMTD:iswctype.obj
 0002:00000420       __real@8@40098000000000000000 0043a420     download.obj
 0002:00000428       ??_C@_0P@LNLA@format?5?$CB?$DN?5NULL?$AA@ 0043a428     LIBCMTD:sprintf.obj
 0002:00000438       ??_C@_09NEAG@sprintf?4c?$AA@ 0043a438     LIBCMTD:sprintf.obj
 0002:00000444       ??_C@_0P@OOIN@string?5?$CB?$DN?5NULL?$AA@ 0043a444     LIBCMTD:sprintf.obj
 0002:00000454       ??_C@_08EJDA@sscanf?4c?$AA@ 0043a454     LIBCMTD:sscanf.obj
 0002:00000460       ??_C@_0L@HE@vsprintf?4c?$AA@ 0043a460     LIBCMTD:vsnprint.obj
 0002:0000046c       ??_C@_06DPMO@Client?$AA@   0043a46c     LIBCMTD:dbgheap.obj
 0002:00000474       ??_C@_06BAFM@Ignore?$AA@   0043a474     LIBCMTD:dbgheap.obj
 0002:0000047c       ??_C@_03DICE@CRT?$AA@      0043a47c     LIBCMTD:dbgheap.obj
 0002:00000480       ??_C@_06BILL@Normal?$AA@   0043a480     LIBCMTD:dbgheap.obj
 0002:00000488       ??_C@_04NEN@Free?$AA@      0043a488     LIBCMTD:dbgheap.obj
 0002:00000490       ??_C@_0DC@CGID@Error?3?5memory?5allocation?3?5bad?5me@ 0043a490     LIBCMTD:dbgheap.obj
 0002:000004c4       ??_C@_0CE@FMIA@Invalid?5allocation?5size?3?5?$CFu?5byte@ 0043a4c4     LIBCMTD:dbgheap.obj
 0002:000004e8       ??_C@_02DILL@?$CFs?$AA@    0043a4e8     LIBCMTD:dbgheap.obj
 0002:000004ec       ??_C@_0CB@CPBI@Client?5hook?5allocation?5failure?4?6@ 0043a4ec     LIBCMTD:dbgheap.obj
 0002:00000510       ??_C@_0DF@DKHF@Client?5hook?5allocation?5failure?5a@ 0043a510     LIBCMTD:dbgheap.obj
 0002:00000548       ??_C@_09IMJC@dbgheap?4c?$AA@ 0043a548     LIBCMTD:dbgheap.obj
 0002:00000554       ??_C@_0BC@EPKL@_CrtCheckMemory?$CI?$CJ?$AA@ 0043a554     LIBCMTD:dbgheap.obj
 0002:00000568       ??_C@_0BK@JDHA@_pFirstBlock?5?$DN?$DN?5pOldBlock?$AA@ 0043a568     LIBCMTD:dbgheap.obj
 0002:00000584       ??_C@_0BJ@NMEF@_pLastBlock?5?$DN?$DN?5pOldBlock?$AA@ 0043a584     LIBCMTD:dbgheap.obj
 0002:000005a0       ??_C@_0DC@BOCN@fRealloc?5?$HM?$HM?5?$CI?$CBfRealloc?5?$CG?$CG?5pNewBl@ 0043a5a0     LIBCMTD:dbgheap.obj
 0002:000005d4       ??_C@_0DK@DKOM@_BLOCK_TYPE?$CIpOldBlock?9?$DOnBlockUse@ 0043a5d4     LIBCMTD:dbgheap.obj
 0002:00000610       ??_C@_0EF@EDKM@pOldBlock?9?$DOnLine?5?$DN?$DN?5IGNORE_LINE?5@ 0043a610     LIBCMTD:dbgheap.obj
 0002:00000658       ??_C@_0CC@GPMO@_CrtIsValidHeapPointer?$CIpUserData@ 0043a658     LIBCMTD:dbgheap.obj
 0002:0000067c       ??_C@_0CN@FHGE@Allocation?5too?5large?5or?5negative@ 0043a67c     LIBCMTD:dbgheap.obj
 0002:000006ac       ??_C@_0CE@EAMN@Client?5hook?5re?9allocation?5failur@ 0043a6ac     LIBCMTD:dbgheap.obj
 0002:000006d0       ??_C@_0DI@KKMM@Client?5hook?5re?9allocation?5failur@ 0043a6d0     LIBCMTD:dbgheap.obj
 0002:00000708       ??_C@_0BG@JCEC@_pFirstBlock?5?$DN?$DN?5pHead?$AA@ 0043a708     LIBCMTD:dbgheap.obj
 0002:00000720       ??_C@_0BF@NLNN@_pLastBlock?5?$DN?$DN?5pHead?$AA@ 0043a720     LIBCMTD:dbgheap.obj
 0002:00000738       ??_C@_0BO@PLHH@pHead?9?$DOnBlockUse?5?$DN?$DN?5nBlockUse?$AA@ 0043a738     LIBCMTD:dbgheap.obj
 0002:00000758       ??_C@_0DN@KKIO@pHead?9?$DOnLine?5?$DN?$DN?5IGNORE_LINE?5?$CG?$CG?5p@ 0043a758     LIBCMTD:dbgheap.obj
 0002:00000798       ??_C@_0CK@OJNB@DAMAGE?3?5after?5?$CFhs?5block?5?$CI?$CD?$CFd?$CJ?5at@ 0043a798     LIBCMTD:dbgheap.obj
 0002:000007c4       ??_C@_0CL@IJIL@DAMAGE?3?5before?5?$CFhs?5block?5?$CI?$CD?$CFd?$CJ?5a@ 0043a7c4     LIBCMTD:dbgheap.obj
 0002:000007f0       ??_C@_0CH@PHOC@_BLOCK_TYPE_IS_VALID?$CIpHead?9?$DOnBlo@ 0043a7f0     LIBCMTD:dbgheap.obj
 0002:00000818       ??_C@_0BL@MBNA@Client?5hook?5free?5failure?4?6?$AA@ 0043a818     LIBCMTD:dbgheap.obj
 0002:00000834       ??_C@_0DK@EKKL@memory?5check?5error?5at?50x?$CF08X?5?$DN?50@ 0043a834     LIBCMTD:dbgheap.obj
 0002:00000870       ??_C@_0CJ@GCII@?$CFhs?5located?5at?50x?$CF08X?5is?5?$CFu?5byte@ 0043a870     LIBCMTD:dbgheap.obj
 0002:0000089c       ??_C@_0CA@EJPI@?$CFhs?5allocated?5at?5file?5?$CFhs?$CI?$CFd?$CJ?4?6?$AA@ 0043a89c     LIBCMTD:dbgheap.obj
 0002:000008bc       ??_C@_0CJ@LHHG@DAMAGE?3?5on?5top?5of?5Free?5block?5at?5@ 0043a8bc     LIBCMTD:dbgheap.obj
 0002:000008e8       ??_C@_07GJHM@DAMAGED?$AA@  0043a8e8     LIBCMTD:dbgheap.obj
 0002:000008f0       ??_C@_0CL@ODIE@_heapchk?5fails?5with?5unknown?5retu@ 0043a8f0     LIBCMTD:dbgheap.obj
 0002:0000091c       ??_C@_0CC@EHNC@_heapchk?5fails?5with?5_HEAPBADPTR?4@ 0043a91c     LIBCMTD:dbgheap.obj
 0002:00000940       ??_C@_0CC@JNDP@_heapchk?5fails?5with?5_HEAPBADEND?4@ 0043a940     LIBCMTD:dbgheap.obj
 0002:00000964       ??_C@_0CD@DNMG@_heapchk?5fails?5with?5_HEAPBADNODE@ 0043a964     LIBCMTD:dbgheap.obj
 0002:00000988       ??_C@_0CE@JMCB@_heapchk?5fails?5with?5_HEAPBADBEGI@ 0043a988     LIBCMTD:dbgheap.obj
 0002:000009ac       ??_C@_0CD@MEMI@Bad?5memory?5block?5found?5at?50x?$CF08X@ 0043a9ac     LIBCMTD:dbgheap.obj
 0002:000009d0       ??_C@_0CI@GMAO@_CrtMemCheckPoint?3?5NULL?5state?5po@ 0043a9d0     LIBCMTD:dbgheap.obj
 0002:000009f8       ??_C@_0CI@MNAE@_CrtMemDifference?3?5NULL?5state?5po@ 0043a9f8     LIBCMTD:dbgheap.obj
 0002:00000a20       ??_C@_0BH@PKIJ@Object?5dump?5complete?4?6?$AA@ 0043aa20     LIBCMTD:dbgheap.obj
 0002:00000a38       ??_C@_0DB@DBPF@crt?5block?5at?50x?$CF08X?0?5subtype?5?$CFx?0@ 0043aa38     LIBCMTD:dbgheap.obj
 0002:00000a6c       ??_C@_0CI@JLM@normal?5block?5at?50x?$CF08X?0?5?$CFu?5bytes@ 0043aa6c     LIBCMTD:dbgheap.obj
 0002:00000a94       ??_C@_0DE@PFEA@client?5block?5at?50x?$CF08X?0?5subtype?5@ 0043aa94     LIBCMTD:dbgheap.obj
 0002:00000ac8       ??_C@_06MBCE@?$HL?$CFld?$HN?5?$AA@ 0043aac8     LIBCMTD:dbgheap.obj
 0002:00000ad0       ??_C@_0L@BLDJ@?$CFhs?$CI?$CFd?$CJ?5?3?5?$AA@ 0043aad0     LIBCMTD:dbgheap.obj
 0002:00000adc       ??_C@_0BE@FEMA@?$CDFile?5Error?$CD?$CI?$CFd?$CJ?5?3?5?$AA@ 0043aadc     LIBCMTD:dbgheap.obj
 0002:00000af0       ??_C@_0BE@FPPM@Dumping?5objects?5?9?$DO?6?$AA@ 0043aaf0     LIBCMTD:dbgheap.obj
 0002:00000b04       ??_C@_0BA@POLM@?5Data?3?5?$DM?$CFs?$DO?5?$CFs?6?$AA@ 0043ab04     LIBCMTD:dbgheap.obj
 0002:00000b14       ??_C@_05JLAO@?$CF?42X?5?$AA@ 0043ab14     LIBCMTD:dbgheap.obj
 0002:00000b1c       ??_C@_0BI@KONA@Detected?5memory?5leaks?$CB?6?$AA@ 0043ab1c     LIBCMTD:dbgheap.obj
 0002:00000b34       ??_C@_0BP@LCCN@Total?5allocations?3?5?$CFld?5bytes?4?6?$AA@ 0043ab34     LIBCMTD:dbgheap.obj
 0002:00000b54       ??_C@_0CB@COID@Largest?5number?5used?3?5?$CFld?5bytes?4?6@ 0043ab54     LIBCMTD:dbgheap.obj
 0002:00000b78       ??_C@_0BO@MEJD@?$CFld?5bytes?5in?5?$CFld?5?$CFhs?5Blocks?4?6?$AA@ 0043ab78     LIBCMTD:dbgheap.obj
 0002:00000b98       ??_C@_08PHBD@fclose?4c?$AA@ 0043ab98     LIBCMTD:fclose.obj
 0002:00000ba4       ??_C@_0P@FHEA@stream?5?$CB?$DN?5NULL?$AA@ 0043aba4     LIBCMTD:fclose.obj
 0002:00000bb4       ??_C@_0M@KJPK@str?5?$CB?$DN?5NULL?$AA@ 0043abb4     LIBCMTD:fclose.obj
 0002:00000bc0       ??_C@_07LIGC@fgets?4c?$AA@ 0043abc0     LIBCMTD:fgets.obj
 0002:00000bc8       ??_C@_0BC@IPFL@?$CKmode?5?$CB?$DN?5_T?$CI?8?20?8?$CJ?$AA@ 0043abc8     LIBCMTD:fopen.obj
 0002:00000bdc       ??_C@_0N@BKPP@mode?5?$CB?$DN?5NULL?$AA@ 0043abdc     LIBCMTD:fopen.obj
 0002:00000bec       ??_C@_0BC@GOED@?$CKfile?5?$CB?$DN?5_T?$CI?8?20?8?$CJ?$AA@ 0043abec     LIBCMTD:fopen.obj
 0002:00000c00       ??_C@_07OMGG@fopen?4c?$AA@ 0043ac00     LIBCMTD:fopen.obj
 0002:00000c08       ??_C@_0N@MCKG@file?5?$CB?$DN?5NULL?$AA@ 0043ac08     LIBCMTD:fopen.obj
 0002:00000c18       ??_C@_08ENH@strupr?4c?$AA@ 0043ac18     LIBCMTD:strupr.obj
 0002:00000c24       ??_C@_09DLOM@fprintf?4c?$AA@ 0043ac24     LIBCMTD:fprintf.obj
 0002:00000c30       ??_C@_0L@IBOD@mbstowcs?4c?$AA@ 0043ac30     LIBCMTD:mbstowcs.obj
 0002:00000c3c       ??_C@_09MFCA@s?5?$CB?$DN?5NULL?$AA@ 0043ac3c     LIBCMTD:mbstowcs.obj
 0002:00000c48       ??_C@_07HFEM@fseek?4c?$AA@ 0043ac48     LIBCMTD:fseek.obj
 0002:00000c5c       ??_C@_0DP@IHIN@?$CI?$CCinconsistent?5IOB?5fields?$CC?0?5stre@ 0043ac5c     LIBCMTD:_flsbuf.obj
 0002:00000c9c       ??_C@_09LGEI@_flsbuf?4c?$AA@ 0043ac9c     LIBCMTD:_flsbuf.obj
 0002:00000ca8       ___lookuptable             0043aca8     LIBCMTD:output.obj
 0002:00000d04       ??_C@_1O@POHA@?$AA?$CI?$AAn?$AAu?$AAl?$AAl?$AA?$CJ?$AA?$AA@ 0043ad04     LIBCMTD:output.obj
 0002:00000d14       ??_C@_06ONKE@?$CInull?$CJ?$AA@ 0043ad14     LIBCMTD:output.obj
 0002:00000d1c       ??_C@_08MIHI@output?4c?$AA@ 0043ad1c     LIBCMTD:output.obj
 0002:00000d28       ??_C@_0P@PIHB@ch?5?$CB?$DN?5_T?$CI?8?20?8?$CJ?$AA@ 0043ad28     LIBCMTD:output.obj
 0002:00000d38       ??_C@_0BB@BLL@Assertion?5Failed?$AA@ 0043ad38     LIBCMTD:dbgrpt.obj
 0002:00000d4c       ??_C@_05CKBG@Error?$AA@    0043ad4c     LIBCMTD:dbgrpt.obj
 0002:00000d54       ??_C@_07JCGI@Warning?$AA@  0043ad54     LIBCMTD:dbgrpt.obj
 0002:00000d5c       ??_C@_0M@ODEP@?$CFs?$CI?$CFd?$CJ?5?3?5?$CFs?$AA@ 0043ad5c     LIBCMTD:dbgrpt.obj
 0002:00000d68       ??_C@_01BJG@?6?$AA@        0043ad68     LIBCMTD:dbgrpt.obj
 0002:00000d6c       ??_C@_01FEHD@?$AN?$AA@     0043ad6c     LIBCMTD:dbgrpt.obj
 0002:00000d70       ??_C@_0BC@OIMC@Assertion?5failed?$CB?$AA@ 0043ad70     LIBCMTD:dbgrpt.obj
 0002:00000d84       ??_C@_0BD@BEAK@Assertion?5failed?3?5?$AA@ 0043ad84     LIBCMTD:dbgrpt.obj
 0002:00000d98       ??_C@_0CL@LCCP@_CrtDbgReport?3?5String?5too?5long?5o@ 0043ad98     LIBCMTD:dbgrpt.obj
 0002:00000dc4       ??_C@_0DC@EMDK@Second?5Chance?5Assertion?5Failed?3?5@ 0043adc4     LIBCMTD:dbgrpt.obj
 0002:00000df8       ??_C@_09NJAK@wsprintfA?$AA@ 0043adf8     LIBCMTD:dbgrpt.obj
 0002:00000e04       ??_C@_0L@HKL@user32?4dll?$AA@ 0043ae04     LIBCMTD:dbgrpt.obj
 0002:00000e10       ??_C@_0CD@GCMD@Microsoft?5Visual?5C?$CL?$CL?5Debug?5Libra@ 0043ae10     LIBCMTD:dbgrpt.obj
 0002:00000e34       ??_C@_0FD@EBDD@Debug?5?$CFs?$CB?6?6Program?3?5?$CFs?$CFs?$CFs?$CFs?$CFs?$CFs@ 0043ae34     LIBCMTD:dbgrpt.obj
 0002:00000e88       ??_C@_09DCKN@?6Module?3?5?$AA@ 0043ae88     LIBCMTD:dbgrpt.obj
 0002:00000e94       ??_C@_07HJII@?6File?3?5?$AA@ 0043ae94     LIBCMTD:dbgrpt.obj
 0002:00000e9c       ??_C@_07LFGN@?6Line?3?5?$AA@ 0043ae9c     LIBCMTD:dbgrpt.obj
 0002:00000ea4       ??_C@_02JJJH@?6?6?$AA@     0043aea4     LIBCMTD:dbgrpt.obj
 0002:00000ea8       ??_C@_0N@NOAB@Expression?3?5?$AA@ 0043aea8     LIBCMTD:dbgrpt.obj
 0002:00000eb8       ??_C@_00A@?$AA@            0043aeb8     LIBCMTD:dbgrpt.obj
 0002:00000ebc       ??_C@_0HD@BHFH@?6?6For?5information?5on?5how?5your?5pr@ 0043aebc     LIBCMTD:dbgrpt.obj
 0002:00000f30       ??_C@_03NAME@?4?4?4?$AA@   0043af30     LIBCMTD:dbgrpt.obj
 0002:00000f34       ??_C@_0BH@NNCD@?$DMprogram?5name?5unknown?$DO?$AA@ 0043af34     LIBCMTD:dbgrpt.obj
 0002:00000f4c       ??_C@_08GFHP@dbgrpt?4c?$AA@ 0043af4c     LIBCMTD:dbgrpt.obj
 0002:00000f58       ??_C@_0BG@FBEA@szUserMessage?5?$CB?$DN?5NULL?$AA@ 0043af58     LIBCMTD:dbgrpt.obj
 0002:00000f70       ??_C@_0L@ENLJ@tidtable?4c?$AA@ 0043af70     LIBCMTD:tidtable.obj
 0002:00000f7c       ??_C@_07IEFA@input?4c?$AA@ 0043af7c     LIBCMTD:input.obj
 0002:00000f84       ??_C@_07PDLA@mlock?4c?$AA@ 0043af84     LIBCMTD:mlock.obj
 0002:00000f8c       ??_C@_07HPAH@_file?4c?$AA@ 0043af8c     LIBCMTD:_file.obj
 0002:00000f94       ??_C@_0L@JIE@_freebuf?4c?$AA@ 0043af94     LIBCMTD:_freebuf.obj
 0002:00000fa0       ??_C@_09DNOI@_filbuf?4c?$AA@ 0043afa0     LIBCMTD:_filbuf.obj
 0002:00000fac       ??_C@_07INLA@_open?4c?$AA@ 0043afac     LIBCMTD:_open.obj
 0002:00000fb4       ??_C@_0BB@COCE@filename?5?$CB?$DN?5NULL?$AA@ 0043afb4     LIBCMTD:_open.obj
 0002:00000fc8       ??_C@_08HJEP@stream?4c?$AA@ 0043afc8     LIBCMTD:stream.obj
 0002:00000fd8       __real@8@3fff8000000000000000 0043afd8     LIBCMTD:testfdiv.obj
 0002:00000fe0       ??_C@_0BK@JEGK@IsProcessorFeaturePresent?$AA@ 0043afe0     LIBCMTD:testfdiv.obj
 0002:00000ffc       ??_C@_08OBID@KERNEL32?$AA@ 0043affc     LIBCMTD:testfdiv.obj
 0002:00001008       __real@8@00000000000000000000 0043b008     LIBCMTD:cvt.obj
 0002:00001010       ??_C@_05OFLO@e?$CL000?$AA@ 0043b010     LIBCMTD:cvt.obj
 0002:00001018       ??_C@_01A@?$AA?$AA@        0043b018     LIBCMTD:a_map.obj
 0002:0000101c       ??_C@_13A@?$AA?$AA?$AA?$AA@ 0043b01c     LIBCMTD:a_map.obj
 0002:00001038       ??_C@_07PCLE@LC_TIME?$AA@  0043b038     LIBCMTD:setlocal.obj
 0002:00001040       ??_C@_0L@NKG@LC_NUMERIC?$AA@ 0043b040     LIBCMTD:setlocal.obj
 0002:0000104c       ??_C@_0M@CBIH@LC_MONETARY?$AA@ 0043b04c     LIBCMTD:setlocal.obj
 0002:00001058       ??_C@_08LFGE@LC_CTYPE?$AA@ 0043b058     LIBCMTD:setlocal.obj
 0002:00001064       ??_C@_0L@CFLC@LC_COLLATE?$AA@ 0043b064     LIBCMTD:setlocal.obj
 0002:00001070       ??_C@_06GCPK@LC_ALL?$AA@   0043b070     LIBCMTD:setlocal.obj
 0002:00001078       ??_C@_01FAJB@?$DL?$AA@     0043b078     LIBCMTD:setlocal.obj
 0002:0000107c       ??_C@_02BGDO@?$DN?$DL?$AA@ 0043b07c     LIBCMTD:setlocal.obj
 0002:00001080       ??_C@_0L@MOEE@setlocal?4c?$AA@ 0043b080     LIBCMTD:setlocal.obj
 0002:0000108c       ??_C@_01KPOD@?$DN?$AA@     0043b08c     LIBCMTD:setlocal.obj
 0002:00001090       ??_C@_03DBOJ@_?4?0?$AA@    0043b090     LIBCMTD:setlocal.obj
 0002:00001094       ??_C@_01PJCK@?4?$AA@       0043b094     LIBCMTD:setlocal.obj
 0002:00001098       ??_C@_01NON@_?$AA@         0043b098     LIBCMTD:setlocal.obj
 0002:0000109c       ??_C@_09JNND@_sftbuf?4c?$AA@ 0043b09c     LIBCMTD:_sftbuf.obj
 0002:000010a8       ??_C@_0BH@EOPG@flag?5?$DN?$DN?50?5?$HM?$HM?5flag?5?$DN?$DN?51?$AA@ 0043b0a8     LIBCMTD:_sftbuf.obj
 0002:000010c0       ??_C@_07CMIP@ftell?4c?$AA@ 0043b0c0     LIBCMTD:ftell.obj
 0002:000010c8       ??_C@_09IGKD@stdenvp?4c?$AA@ 0043b0c8     LIBCMTD:stdenvp.obj
 0002:000010d4       ??_C@_09MPMN@stdargv?4c?$AA@ 0043b0d4     LIBCMTD:stdargv.obj
 0002:000010e0       ??_C@_07BNNE@a_env?4c?$AA@ 0043b0e0     LIBCMTD:a_env.obj
 0002:000010e8       ??_C@_08KFDJ@ioinit?4c?$AA@ 0043b0e8     LIBCMTD:ioinit.obj
 0002:000010f4       ??_C@_0P@GGKG@runtime?5error?5?$AA@ 0043b0f4     LIBCMTD:crt0msg.obj
 0002:00001104       ??_C@_02PIMC@?$AN?6?$AA@   0043b104     LIBCMTD:crt0msg.obj
 0002:00001108       ??_C@_0O@DELO@TLOSS?5error?$AN?6?$AA@ 0043b108     LIBCMTD:crt0msg.obj
 0002:00001118       ??_C@_0N@OMLL@SING?5error?$AN?6?$AA@ 0043b118     LIBCMTD:crt0msg.obj
 0002:00001128       ??_C@_0P@OJAK@DOMAIN?5error?$AN?6?$AA@ 0043b128     LIBCMTD:crt0msg.obj
 0002:00001138       ??_C@_0CF@EANP@R6028?$AN?6?9?5unable?5to?5initialize?5he@ 0043b138     LIBCMTD:crt0msg.obj
 0002:00001160       ??_C@_0DF@ECGN@R6027?$AN?6?9?5not?5enough?5space?5for?5lo@ 0043b160     LIBCMTD:crt0msg.obj
 0002:00001198       ??_C@_0DF@FKAC@R6026?$AN?6?9?5not?5enough?5space?5for?5st@ 0043b198     LIBCMTD:crt0msg.obj
 0002:000011d0       ??_C@_0CG@DPMN@R6025?$AN?6?9?5pure?5virtual?5function?5c@ 0043b1d0     LIBCMTD:crt0msg.obj
 0002:000011f8       ??_C@_0DF@CKIP@R6024?$AN?6?9?5not?5enough?5space?5for?5_o@ 0043b1f8     LIBCMTD:crt0msg.obj
 0002:00001230       ??_C@_0CJ@GGOE@R6019?$AN?6?9?5unable?5to?5open?5console?5@ 0043b230     LIBCMTD:crt0msg.obj
 0002:0000125c       ??_C@_0CB@LBOB@R6018?$AN?6?9?5unexpected?5heap?5error?$AN?6@ 0043b25c     LIBCMTD:crt0msg.obj
 0002:00001280       ??_C@_0CN@FPEG@R6017?$AN?6?9?5unexpected?5multithread?5@ 0043b280     LIBCMTD:crt0msg.obj
 0002:000012b0       ??_C@_0CM@OBIC@R6016?$AN?6?9?5not?5enough?5space?5for?5th@ 0043b2b0     LIBCMTD:crt0msg.obj
 0002:000012dc       ??_C@_0CB@HPAL@?$AN?6abnormal?5program?5termination?$AN?6@ 0043b2dc     LIBCMTD:crt0msg.obj
 0002:00001300       ??_C@_0CM@JOOB@R6009?$AN?6?9?5not?5enough?5space?5for?5en@ 0043b300     LIBCMTD:crt0msg.obj
 0002:0000132c       ??_C@_0CK@OIBL@R6008?$AN?6?9?5not?5enough?5space?5for?5ar@ 0043b32c     LIBCMTD:crt0msg.obj
 0002:00001358       ??_C@_0CF@LKPB@R6002?$AN?6?9?5floating?5point?5not?5load@ 0043b358     LIBCMTD:crt0msg.obj
 0002:00001380       ??_C@_0CF@JPDF@Microsoft?5Visual?5C?$CL?$CL?5Runtime?5Lib@ 0043b380     LIBCMTD:crt0msg.obj
 0002:000013a8       ??_C@_0BK@DEOK@Runtime?5Error?$CB?6?6Program?3?5?$AA@ 0043b3a8     LIBCMTD:crt0msg.obj
 0002:000013c4       ??_C@_09EMDO@_getbuf?4c?$AA@ 0043b3c4     LIBCMTD:_getbuf.obj
 0002:000013d0       ??_C@_08CNMA@winsig?4c?$AA@ 0043b3d0     LIBCMTD:winsig.obj
 0002:000013dc       ??_C@_0BD@NJFP@GetLastActivePopup?$AA@ 0043b3dc     LIBCMTD:crtmbox.obj
 0002:000013f0       ??_C@_0BA@GILI@GetActiveWindow?$AA@ 0043b3f0     LIBCMTD:crtmbox.obj
 0002:00001400       ??_C@_0M@PKCK@MessageBoxA?$AA@ 0043b400     LIBCMTD:crtmbox.obj
 0002:0000140c       ??_C@_08MOLN@mbtowc?4c?$AA@ 0043b40c     LIBCMTD:mbtowc.obj
 0002:00001418       ??_C@_0CD@NPPL@MB_CUR_MAX?5?$DN?$DN?51?5?$HM?$HM?5MB_CUR_MAX?5?$DN?$DN@ 0043b418     LIBCMTD:mbtowc.obj
 0002:0000143c       ??_C@_08JKP@ungetc?4c?$AA@ 0043b43c     LIBCMTD:ungetc.obj
 0002:00001454       ??_C@_09LNLM@osfinfo?4c?$AA@ 0043b454     LIBCMTD:osfinfo.obj
 0002:00001460       ??_C@_0L@EEGJ@inittime?4c?$AA@ 0043b460     LIBCMTD:inittime.obj
 0002:0000146c       ??_C@_09IMJJ@initnum?4c?$AA@ 0043b46c     LIBCMTD:initnum.obj
 0002:00001478       ??_C@_09KPNI@initmon?4c?$AA@ 0043b478     LIBCMTD:initmon.obj
 0002:00001484       ??_C@_0L@COIL@initctyp?4c?$AA@ 0043b484     LIBCMTD:initctyp.obj
 0002:00001490       ??_C@_08OBJD@Paraguay?$AA@ 0043b490     LIBCMTD:getqloc.obj
 0002:0000149c       ??_C@_07GLKH@Uruguay?$AA@  0043b49c     LIBCMTD:getqloc.obj
 0002:000014a4       ??_C@_05FPFC@Chile?$AA@    0043b4a4     LIBCMTD:getqloc.obj
 0002:000014ac       ??_C@_07IIGF@Ecuador?$AA@  0043b4ac     LIBCMTD:getqloc.obj
 0002:000014b4       ??_C@_09PKAL@Argentina?$AA@ 0043b4b4     LIBCMTD:getqloc.obj
 0002:000014c0       ??_C@_04LKAH@Peru?$AA@     0043b4c0     LIBCMTD:getqloc.obj
 0002:000014c8       ??_C@_08NEEM@Colombia?$AA@ 0043b4c8     LIBCMTD:getqloc.obj
 0002:000014d4       ??_C@_09ODEB@Venezuela?$AA@ 0043b4d4     LIBCMTD:getqloc.obj
 0002:000014e0       ??_C@_0BD@CLEL@Dominican?5Republic?$AA@ 0043b4e0     LIBCMTD:getqloc.obj
 0002:000014f4       ??_C@_0N@MDGL@South?5Africa?$AA@ 0043b4f4     LIBCMTD:getqloc.obj
 0002:00001504       ??_C@_06NKBG@Panama?$AA@   0043b504     LIBCMTD:getqloc.obj
 0002:0000150c       ??_C@_0L@BMHO@Luxembourg?$AA@ 0043b50c     LIBCMTD:getqloc.obj
 0002:00001518       ??_C@_0L@IMDK@Costa?5Rica?$AA@ 0043b518     LIBCMTD:getqloc.obj
 0002:00001524       ??_C@_0M@BLJF@Switzerland?$AA@ 0043b524     LIBCMTD:getqloc.obj
 0002:00001530       ??_C@_09KBOL@Guatemala?$AA@ 0043b530     LIBCMTD:getqloc.obj
 0002:0000153c       ??_C@_06JNAK@Canada?$AA@   0043b53c     LIBCMTD:getqloc.obj
 0002:00001544       ??_C@_0BG@OLLP@Spanish?5?9?5Modern?5Sort?$AA@ 0043b544     LIBCMTD:getqloc.obj
 0002:0000155c       ??_C@_09IDKE@Australia?$AA@ 0043b55c     LIBCMTD:getqloc.obj
 0002:00001568       ??_C@_07JJJJ@English?$AA@  0043b568     LIBCMTD:getqloc.obj
 0002:00001570       ??_C@_07NMDO@Austria?$AA@  0043b570     LIBCMTD:getqloc.obj
 0002:00001578       ??_C@_06DEFE@German?$AA@   0043b578     LIBCMTD:getqloc.obj
 0002:00001580       ??_C@_07JAIH@Belgium?$AA@  0043b580     LIBCMTD:getqloc.obj
 0002:00001588       ??_C@_06BNLJ@Mexico?$AA@   0043b588     LIBCMTD:getqloc.obj
 0002:00001590       ??_C@_07JHAG@Spanish?$AA@  0043b590     LIBCMTD:getqloc.obj
 0002:00001598       ??_C@_06DADE@Basque?$AA@   0043b598     LIBCMTD:getqloc.obj
 0002:000015a0       ??_C@_06ENFP@Sweden?$AA@   0043b5a0     LIBCMTD:getqloc.obj
 0002:000015a8       ??_C@_07JPMH@Swedish?$AA@  0043b5a8     LIBCMTD:getqloc.obj
 0002:000015b0       ??_C@_07IEKF@Iceland?$AA@  0043b5b0     LIBCMTD:getqloc.obj
 0002:000015b8       ??_C@_09KNEA@Icelandic?$AA@ 0043b5b8     LIBCMTD:getqloc.obj
 0002:000015c4       ??_C@_06IJOD@France?$AA@   0043b5c4     LIBCMTD:getqloc.obj
 0002:000015cc       ??_C@_06EINI@French?$AA@   0043b5cc     LIBCMTD:getqloc.obj
 0002:000015d4       ??_C@_07FOOE@Finland?$AA@  0043b5d4     LIBCMTD:getqloc.obj
 0002:000015dc       ??_C@_07OJOM@Finnish?$AA@  0043b5dc     LIBCMTD:getqloc.obj
 0002:000015e4       ??_C@_05FFAC@Spain?$AA@    0043b5e4     LIBCMTD:getqloc.obj
 0002:000015ec       ??_C@_0BL@BIHM@Spanish?5?9?5Traditional?5Sort?$AA@ 0043b5ec     LIBCMTD:getqloc.obj
 0002:00001608       ??_C@_0O@GLHB@united?9states?$AA@ 0043b608     LIBCMTD:getqloc.obj
 0002:00001618       ??_C@_0P@IIKK@united?9kingdom?$AA@ 0043b618     LIBCMTD:getqloc.obj
 0002:00001628       ??_C@_0BC@FHBO@trinidad?5?$CG?5tobago?$AA@ 0043b628     LIBCMTD:getqloc.obj
 0002:0000163c       ??_C@_0M@BDFM@south?9korea?$AA@ 0043b63c     LIBCMTD:getqloc.obj
 0002:00001648       ??_C@_0N@CKFA@south?9africa?$AA@ 0043b648     LIBCMTD:getqloc.obj
 0002:00001658       ??_C@_0M@HNHN@south?5korea?$AA@ 0043b658     LIBCMTD:getqloc.obj
 0002:00001664       ??_C@_0N@MKDO@south?5africa?$AA@ 0043b664     LIBCMTD:getqloc.obj
 0002:00001674       ??_C@_06KFFJ@slovak?$AA@   0043b674     LIBCMTD:getqloc.obj
 0002:0000167c       ??_C@_0M@NMAC@puerto?9rico?$AA@ 0043b67c     LIBCMTD:getqloc.obj
 0002:00001688       ??_C@_08EJOH@pr?9china?$AA@ 0043b688     LIBCMTD:getqloc.obj
 0002:00001694       ??_C@_08CHMG@pr?5china?$AA@ 0043b694     LIBCMTD:getqloc.obj
 0002:000016a0       ??_C@_02OCJK@nz?$AA@       0043b6a0     LIBCMTD:getqloc.obj
 0002:000016a4       ??_C@_0M@MMKA@new?9zealand?$AA@ 0043b6a4     LIBCMTD:getqloc.obj
 0002:000016b0       ??_C@_09MGEH@hong?9kong?$AA@ 0043b6b0     LIBCMTD:getqloc.obj
 0002:000016bc       ??_C@_07CCAK@holland?$AA@  0043b6bc     LIBCMTD:getqloc.obj
 0002:000016c4       ??_C@_0O@MEPL@great?5britain?$AA@ 0043b6c4     LIBCMTD:getqloc.obj
 0002:000016d4       ??_C@_07LGIB@england?$AA@  0043b6d4     LIBCMTD:getqloc.obj
 0002:000016dc       ??_C@_05BMOA@czech?$AA@    0043b6dc     LIBCMTD:getqloc.obj
 0002:000016e4       ??_C@_05NMPB@china?$AA@    0043b6e4     LIBCMTD:getqloc.obj
 0002:000016ec       ??_C@_07GN@britain?$AA@    0043b6ec     LIBCMTD:getqloc.obj
 0002:000016f4       ??_C@_07DLAK@america?$AA@  0043b6f4     LIBCMTD:getqloc.obj
 0002:000016fc       ??_C@_03IPEP@usa?$AA@      0043b6fc     LIBCMTD:getqloc.obj
 0002:00001700       ??_C@_02PILH@us?$AA@       0043b700     LIBCMTD:getqloc.obj
 0002:00001704       ??_C@_02FHP@uk?$AA@        0043b704     LIBCMTD:getqloc.obj
 0002:00001708       ??_C@_05DEAI@swiss?$AA@    0043b708     LIBCMTD:getqloc.obj
 0002:00001710       ??_C@_0BA@LIAF@swedish?9finland?$AA@ 0043b710     LIBCMTD:getqloc.obj
 0002:00001720       ??_C@_0BC@FMEG@spanish?9venezuela?$AA@ 0043b720     LIBCMTD:getqloc.obj
 0002:00001734       ??_C@_0BA@BNMG@spanish?9uruguay?$AA@ 0043b734     LIBCMTD:getqloc.obj
 0002:00001744       ??_C@_0BE@BKDJ@spanish?9puerto?5rico?$AA@ 0043b744     LIBCMTD:getqloc.obj
 0002:00001758       ??_C@_0N@JIBL@spanish?9peru?$AA@ 0043b758     LIBCMTD:getqloc.obj
 0002:00001768       ??_C@_0BB@OGOF@spanish?9paraguay?$AA@ 0043b768     LIBCMTD:getqloc.obj
 0002:0000177c       ??_C@_0P@LLFA@spanish?9panama?$AA@ 0043b77c     LIBCMTD:getqloc.obj
 0002:0000178c       ??_C@_0BC@BBJM@spanish?9nicaragua?$AA@ 0043b78c     LIBCMTD:getqloc.obj
 0002:000017a0       ??_C@_0P@NJBN@spanish?9modern?$AA@ 0043b7a0     LIBCMTD:getqloc.obj
 0002:000017b0       ??_C@_0BA@NHDN@spanish?9mexican?$AA@ 0043b7b0     LIBCMTD:getqloc.obj
 0002:000017c0       ??_C@_0BB@JHOJ@spanish?9honduras?$AA@ 0043b7c0     LIBCMTD:getqloc.obj
 0002:000017d4       ??_C@_0BC@BOOM@spanish?9guatemala?$AA@ 0043b7d4     LIBCMTD:getqloc.obj
 0002:000017e8       ??_C@_0BE@EELI@spanish?9el?5salvador?$AA@ 0043b7e8     LIBCMTD:getqloc.obj
 0002:000017fc       ??_C@_0BA@POAE@spanish?9ecuador?$AA@ 0043b7fc     LIBCMTD:getqloc.obj
 0002:0000180c       ??_C@_0BL@LDKN@spanish?9dominican?5republic?$AA@ 0043b80c     LIBCMTD:getqloc.obj
 0002:00001828       ??_C@_0BD@HPMH@spanish?9costa?5rica?$AA@ 0043b828     LIBCMTD:getqloc.obj
 0002:0000183c       ??_C@_0BB@NDDK@spanish?9colombia?$AA@ 0043b83c     LIBCMTD:getqloc.obj
 0002:00001850       ??_C@_0O@BJHA@spanish?9chile?$AA@ 0043b850     LIBCMTD:getqloc.obj
 0002:00001860       ??_C@_0BA@OBNG@spanish?9bolivia?$AA@ 0043b860     LIBCMTD:getqloc.obj
 0002:00001870       ??_C@_0BC@EFAM@spanish?9argentina?$AA@ 0043b870     LIBCMTD:getqloc.obj
 0002:00001884       ??_C@_0BF@KMMM@portuguese?9brazilian?$AA@ 0043b884     LIBCMTD:getqloc.obj
 0002:0000189c       ??_C@_0BC@BAAE@norwegian?9nynorsk?$AA@ 0043b89c     LIBCMTD:getqloc.obj
 0002:000018b0       ??_C@_0BB@PBHK@norwegian?9bokmal?$AA@ 0043b8b0     LIBCMTD:getqloc.obj
 0002:000018c4       ??_C@_09EHKL@norwegian?$AA@ 0043b8c4     LIBCMTD:getqloc.obj
 0002:000018d0       ??_C@_0O@BEAN@italian?9swiss?$AA@ 0043b8d0     LIBCMTD:getqloc.obj
 0002:000018e0       ??_C@_0O@OIFK@irish?9english?$AA@ 0043b8e0     LIBCMTD:getqloc.obj
 0002:000018f0       ??_C@_0N@NBPL@german?9swiss?$AA@ 0043b8f0     LIBCMTD:getqloc.obj
 0002:00001900       ??_C@_0BC@ICFJ@german?9luxembourg?$AA@ 0043b900     LIBCMTD:getqloc.obj
 0002:00001914       ??_C@_0BE@GGPC@german?9lichtenstein?$AA@ 0043b914     LIBCMTD:getqloc.obj
 0002:00001928       ??_C@_0BA@MKDC@german?9austrian?$AA@ 0043b928     LIBCMTD:getqloc.obj
 0002:00001938       ??_C@_0N@ODNB@french?9swiss?$AA@ 0043b938     LIBCMTD:getqloc.obj
 0002:00001948       ??_C@_0BC@MGCM@french?9luxembourg?$AA@ 0043b948     LIBCMTD:getqloc.obj
 0002:0000195c       ??_C@_0BA@NABK@french?9canadian?$AA@ 0043b95c     LIBCMTD:getqloc.obj
[...]
 0001:0001e2b8       LeadDown1                  0041f2b8 f   LIBCMTD:memcpy.obj
 0001:0001e2d8       LeadDown2                  0041f2d8 f   LIBCMTD:memcpy.obj
 0001:0001e300       LeadDown3                  0041f300 f   LIBCMTD:memcpy.obj
 0001:0001e354       UnwindDown7                0041f354 f   LIBCMTD:memcpy.obj
 0001:0001e35c       UnwindDown6                0041f35c f   LIBCMTD:memcpy.obj
 0001:0001e364       UnwindDown5                0041f364 f   LIBCMTD:memcpy.obj
 0001:0001e36c       UnwindDown4                0041f36c f   LIBCMTD:memcpy.obj
 0001:0001e374       UnwindDown3                0041f374 f   LIBCMTD:memcpy.obj
 0001:0001e37c       UnwindDown2                0041f37c f   LIBCMTD:memcpy.obj
 0001:0001e384       UnwindDown1                0041f384 f   LIBCMTD:memcpy.obj
 0001:0001e397       UnwindDown0                0041f397 f   LIBCMTD:memcpy.obj
 0001:0001e3b0       TrailDown0                 0041f3b0 f   LIBCMTD:memcpy.obj
 0001:0001e3b8       TrailDown1                 0041f3b8 f   LIBCMTD:memcpy.obj
 0001:0001e3c8       TrailDown2                 0041f3c8 f   LIBCMTD:memcpy.obj
 0001:0001e3dc       TrailDown3                 0041f3dc f   LIBCMTD:memcpy.obj
 0001:0001e0e0       CopyUp                     0041f0e0 f   LIBCMTD:memcpy.obj
 0001:0001e0fc       CopyLeadUp                 0041f0fc f   LIBCMTD:memcpy.obj
 0001:0001e114       ByteCopyUp                 0041f114 f   LIBCMTD:memcpy.obj
 0001:0001e11c       CopyUnwindUp               0041f11c f   LIBCMTD:memcpy.obj
 0001:0001e258       CopyDown                   0041f258 f   LIBCMTD:memcpy.obj
 0001:0001e280       CopyUnwindDown             0041f280 f   LIBCMTD:memcpy.obj
 0001:0001e28c       CopyLeadDown               0041f28c f   LIBCMTD:memcpy.obj
 0001:0001e2a4       ByteCopyDown               0041f2a4 f   LIBCMTD:memcpy.obj
 0001:0001dfe4       src_misaligned             0041efe4 f   LIBCMTD:strncpy.obj
 0001:0001e000       tail_loop_start            0041f000 f   LIBCMTD:strncpy.obj
 0001:0001e005       copy_tail_loop             0041f005 f   LIBCMTD:strncpy.obj
 0001:0001e012       fill_tail_end1             0041f012 f   LIBCMTD:strncpy.obj
 0001:0001e01a       align_dest                 0041f01a f   LIBCMTD:strncpy.obj
 0001:0001e022       dest_align_loop            0041f022 f   LIBCMTD:strncpy.obj
 0001:0001e034       dest_align_loop_end        0041f034 f   LIBCMTD:strncpy.obj
 0001:0001e03b       finish_loop                0041f03b f   LIBCMTD:strncpy.obj
 0001:0001e03e       fill_tail_zero_bytes       0041f03e f   LIBCMTD:strncpy.obj
 0001:0001e043       finish                     0041f043 f   LIBCMTD:strncpy.obj
 0001:0001e049       main_loop                  0041f049 f   LIBCMTD:strncpy.obj
 0001:0001e051       main_loop_entrance         0041f051 f   LIBCMTD:strncpy.obj
 0001:0001e087       byte_2                     0041f087 f   LIBCMTD:strncpy.obj
 0001:0001e091       byte_1                     0041f091 f   LIBCMTD:strncpy.obj
 0001:0001e09b       byte_0                     0041f09b f   LIBCMTD:strncpy.obj
 0001:0001e09f       fill_with_EOS_dwords       0041f09f f   LIBCMTD:strncpy.obj
 0001:0001e0a7       fill_dwords_with_EOS       0041f0a7 f   LIBCMTD:strncpy.obj
 0001:0001e0a9       fill_with_EOS_loop         0041f0a9 f   LIBCMTD:strncpy.obj
 0001:0001e0b1       fill_tail                  0041f0b1 f   LIBCMTD:strncpy.obj
 0001:0001e0b6       fill_tail_end              0041f0b6 f   LIBCMTD:strncpy.obj
 0001:0001dfb1       returndi                   0041efb1 f   LIBCMTD:strrchr.obj
 0001:0001dfb3       toend                      0041efb3 f   LIBCMTD:strrchr.obj
 0001:0001dd7b       front_misaligned           0041ed7b f   LIBCMTD:strncat.obj
 0001:0001dd8a       find_end_of_front_string_loop 0041ed8a f   LIBCMTD:strncat.obj
 0001:0001ddbb       start_byte_3               0041edbb f   LIBCMTD:strncat.obj
 0001:0001ddbe       start_byte_2               0041edbe f   LIBCMTD:strncat.obj
 0001:0001ddc3       start_byte_1               0041edc3 f   LIBCMTD:strncat.obj
 0001:0001ddc8       start_byte_0               0041edc8 f   LIBCMTD:strncat.obj
 0001:0001ddcb       copy_start                 0041edcb f   LIBCMTD:strncat.obj
 0001:0001dde0       back_misaligned            0041ede0 f   LIBCMTD:strncat.obj
 0001:0001ddfc       tail_loop_start            0041edfc f   LIBCMTD:strncat.obj
 0001:0001de03       tail_loop                  0041ee03 f   LIBCMTD:strncat.obj
 0001:0001de10       empty_counter              0041ee10 f   LIBCMTD:strncat.obj
 0001:0001de12       finish1                    0041ee12 f   LIBCMTD:strncat.obj
 0001:0001de14       finish                     0041ee14 f   LIBCMTD:strncat.obj
 0001:0001de1a       byte_0                     0041ee1a f   LIBCMTD:strncat.obj
 0001:0001de24       main_loop                  0041ee24 f   LIBCMTD:strncat.obj
 0001:0001de2c       main_loop_entrance         0041ee2c f   LIBCMTD:strncat.obj
 0001:0001de5e       byte_3                     0041ee5e f   LIBCMTD:strncat.obj
 0001:0001de68       byte_2                     0041ee68 f   LIBCMTD:strncat.obj
 0001:0001de78       byte_1                     0041ee78 f   LIBCMTD:strncat.obj

FIXUPS: 1ef76 2911 69 2a 34 39 16 7c 2a 28 ffffde5f 85 69 33 8c 34 fffffd2b
FIXUPS: 1f800 44 4b fffffe4d 2a 44 4b fffffce7 2a 33 1a ffffff11 11 fffffaa7
FIXUPS: 1eee6 45 208e 33 22 67 47 7e 17 1c 4c 15 4d 5a 11 5c 1b ec 33 49
FIXUPS: 21573 1a a1 20 31 28 4f 3a 31 18 45 18 f 1a fffff152 36 c 2b 1c
FIXUPS: 20a06 1c 16 c 1f 62 51 1f 45 c 5a 1f 93 57 8 51 2b 28 28 28 16
FIXUPS: 20e8f 2b 32 2b 39 20 fffff30b 25 25 b3 19 59 5f 54 85 15 1e d 18
FIXUPS: 2059a 1c 10 a 24 1c 50 1d 1f 62 34 3b 2b 3b 45 2b c 41 6b fffff27c
FIXUPS: 1fb8f d 1d 25 2f 1c 69 28 5f 54 21 128 1e 1b 33 2f 51 15 1e d 35
FIXUPS: 20038 1b 1c 6b 28 32 4f 18 1f 5b 1eec f af 7a 6a fffffd3d 2e 2a
FIXUPS: 22066 14 22 f 23 fffffdde 2a 2b 57 55 fffffec2 fffffd7e fffffec8
FIXUPS: 21ae6 c f 4c 27 f f 27 ffffdf5b 26 28 3236 6d a7 fffffdba 2a 1e
FIXUPS: 22cba 17 13 c fffffd5f 29 77 20 31 16 10 1b fffffc6e 21 b ffffff0c
FIXUPS: 2272c a fffffcb3 18 f af 5a 4f 79 fffffb08 156f fffffd71 29 da
FIXUPS: 2353f 49 4a fffffbfb 12 1d 20 1e 20 1b 77 12 13 19 b 31 10 fffffbf2
FIXUPS: 22f8c 13 5b ab 9d 22 2b fffffd6b fffffe6f 1c eeb f 10 a 5 5 16
FIXUPS: 23cf2 c 17 10 28 9 27 9 fffffcc8 18 14 f 38 3b 2c 1b 6c fffffad3
FIXUPS: 236ca 141 52 35 d1 7f fffffc4d e11 30 a8 e2 142 ba 31 1e 2a 1b
FIXUPS: 249a7 25 122 1e 30 75 32 22 26 170 55 53 ffffef7d 108 10 3e 54
FIXUPS: 23fb7 28 fffffc70 e 8 150f 2b 14 2e 18 18 7a 63 34 47 1e d 2f 15
FIXUPS: 253e9 1d 21 14 26 19d 18 19 19 a ffffeac4 34 24 cb 67 133 18 21
FIXUPS: 26a8e 46 31 35 44 35 1c 147 8a 32 24 f ffffe870 2a 2e 37 81 2a
FIXUPS: 257d0 62 1a 1a 1a 1a 1a 1d e fffff6fa 10b 2a 18 38 f11 58 a8 28
FIXUPS: 261ca 43 64 46 41 12 2f 4d 23 10 70 24 5a 46 2f c1 24 e5 39 76
FIXUPS: 267df 3d 76 6c 62 20 77 27 814 2f 14 f fffffe9a 2b 29 30 c d fffffe35
FIXUPS: 27050 13 a 34 a fffffe3c 1b ffffffb7 ffffea8d 2d 47 4a 9 19 a4
FIXUPS: 25c74 1d 118 1de 32 97 34d5 2c ffffe821 191 19 de0 ffffe8e1 ffffff51
FIXUPS: 27536 12 27 b 2a ffffff1b c 19 a c fffffdd7 17 22 c 2c 18 3f 10
FIXUPS: 27419 10 a c 53 fffffd94 2541 f 22 28 78 6e 21 68 33 40 25 f fffffce7
FIXUPS: 296f7 fffffeab b 14 c f 1e 1b c 10 29 2d fffffcfa 35 18 a6 10 31
FIXUPS: 294e1 1140 14 f 6d 1a2 b 10 3e b fffff86b b 14 14 f 137 b 23 2c5
FIXUPS: 29f80 60 31 2a a7 fffffb34 2a 2a 227 fffffb7f 82 2a fffffc91 e
FIXUPS: 2b163 21 10 fffff82a 28 19f 20 3a 2f 1a 48 60 ff 27 16 94 35 68
FIXUPS: 2af4f 34 33 48 3c 36 1c 1a 18 17 fffff8c5 ffffff54 fffffd14 b 14ab
FIXUPS: 2bb06 1a 25 2a 9b 19 1b 26 2e 1b 14 19 19 11 67 27 40 2a 45 2e
FIXUPS: 2bea2 4a 25 2b fffff2f9 98 f6 fffffd22 31 21 1f e1a 21 7e c8 33
FIXUPS: 2b51f 43 8c 48 51 19 2f 2d 39 21 5a 38 47 17 31 11 1a 22 10 43
FIXUPS: 2b93d c 47 1b 40 50 31 1278 27 11 4c fffffd81 1c 13 6d a7 fffffd54
FIXUPS: 2c98f e8 fffff6e2 c 18 15 5 7 114 43 7 10a 4a 7 15 5 7 e 267 35
FIXUPS: 2c757 1e8 12ce fffff903 56 1e 13 22 fffffe07 36 28 1f 29 26 17
FIXUPS: 2d4b5 1c fffffe2d 41 fffffd98 13 fffffcf4 18 c f 3f 3e bf 8e 70
FIXUPS: 2cca2 b 14 14 18b4 13 50 5e fffffe04 37 fffffd6f 1c 77 3a 59 15
FIXUPS: 2e346 1d 14 13 14 1a 19 fffffd7e d 11 2f 25 fffffe4f fffffc38 13
FIXUPS: 2dd43 29a fffffb27 4a 94 1583 fffff822 43 9 82 24 27 2a 17 58 50
FIXUPS: 2ebcd 1d 16 c4 13 28 16 1d a 96 f2 10 fffff7aa 18 11b 21 4b 5d
FIXUPS: 2e891 b5 fffffc22 1cf3 2f fffff9c6 5c 41 1f fffffb4b 1d fffffd3a
FIXUPS: 2f5c6 10 f 39 5f fffffb1a 4d 40 40 43 4d 40 43 50 50 4d 65 60 fffffa9f
FIXUPS: 2efec 13 4a de 1719 1d 11 c 18 15 c 5d fffffa12 17 2e 2d a 16 fffff97d
FIXUPS: 2fdb3 2f 83 7d 11 b8 b d6 b 65 b 7c 30 e b 18 32 1335 10 30 10
FIXUPS: 315cb 10 fffff3a6 21 21 24 2a 19 c fffff9ce b6 b 5e b a9 b c8 e
FIXUPS: 306c3 43 c 34 c 38 65 11 11 c 19cd 14 14 14 14 14 14 fffff684 fffffe19
FIXUPS: 31727 29 ffffff78 17 fffff815 41 8c 14 26f 19 1c 13 2a 3a 10 13
FIXUPS: 31329 26 1e 41 93 20 68 af3 11 10 11 11 11 11 11 11 11 11 11 11
FIXUPS: 32098 11 11 11 11 11 11 11 11 11 11 11 11 11 11 14 14 14 14 fffffa0a
FIXUPS: 31bff 1f 1f 1f 1f 1f 1f 1f 1f 1f 1f 1f 1f 1f 1f 1f 22 22 22 22
FIXUPS: 31e7a 22 22 22 22 22 25 2f 11 11 11 3da 14 5b 11 10 34 30 16 3b
FIXUPS: 31912 1f 10 e 1e 11 25 11 5e 1f 1f 1f 1f 1f 1c 1f 1f 1f 1f 1f 1f
FIXUPS: 31ba2 1f af8 4d 1f 1f 1f 1f 17 17 1f 1f 1f 1f 1f 1f 1f 1f 1f bd
FIXUPS: 32995 11 11 11 11 11 fffff8b9 1d 1d 17 16 11 11 46 139b 93 3d 33
FIXUPS: 338b3 1a 11 198 ffffefca 1f 19 19 19 108 65 a6 22 17 e 15 e e e
FIXUPS: 32d6e 11 fffff840 1f 10 e 4c 11 4f 82a 3e 7 1c 7 1f c7 51 5a 1d
FIXUPS: 33121 6a 55 5a 62 28 2b 83 59 16 74 12 54 2f 51 55 1b 52 12 4b
FIXUPS: 336ab 52 709 10 f 24 37 1c 1f 49 11 71 17 a 40 1d c 25 13 14 fffffb80
FIXUPS: 33bfc 20 23 20 20 20 1d 20 20 2d fffff117 29 34 2185 43 33 24 bd
FIXUPS: 351a6 9b 32 43 c 10 c fffff35c 14d eb 1c8 8c 152 6d 238 13 fffff1f7
FIXUPS: 340e8 35 35 13a c 10 c 27 6c fffffaab 1cdc 8d 7e 23 23 23 3a 51
FIXUPS: 35cf1 51 2a 28 45 2d 2d 28 28 1c 29 41 84 3a 24 31 36 50 a 21 154
FIXUPS: 3653d 20 1f0 ffffeeb7 2e 9 6e 15 37 15 1e 14 1c 1c 1c 1b 36 3a
FIXUPS: 35824 2e 9 48 9 2e 9 2e 9 2c 9 2c 9 2c 9 3d 54 14cc a 31 fffffeb0
FIXUPS: 36e25 a 23 fffffdca 1b 76 be fffffb61 33 2c 32 20 2e 14 1b 43 6f
FIXUPS: 35449 15 1b 50 9 2e 9 71 15 1b 51 21d7 e 15 18 c 18 17 a 15 3b
FIXUPS: 378fd 52 6c 2c c d b0 53 66 53 25 23 fffff714 70 4f 1df fffff9ec
FIXUPS: 36fb6 10 f c6 fffffe56 1ccd a7 19 28 c 21 fffff822 19 d9 13f 9e
FIXUPS: 38400 43 ffffff4b fffffed9 c d 3e 29 19 2c fffffe6a fffffe5e fffff5eb
FIXUPS: 375f0 14 12 8 7 1b 2b 17 1fd9 a2 fffffc7b 1d 14 96 2c fffffe58
FIXUPS: 392cf 19 ffffff04 30 24 36 fffffaa0 f 58 28 29 fffffaf6 45 29 3a
FIXUPS: 389ac 3e 33 4b 59 5a c 19 42 fffc8eaf 21 4c 21 13 42 2f 20 f 2a
FIXUPS: 1bb6 20 17 7b 6a d 36 23 f 68 13 7d f 74 24 f 1e 19 37905 3d fffffcb7
FIXUPS: 395b6 fffc7cf4 78 f 23 27 39 39 13 13 78 f 1d 38 2d 2a e e e e
FIXUPS: 1712 31 bd 11 19 54 59 f 27 4b 35 10 4f 845 22 4e d 42 6a 1a 86
FIXUPS: 2417 29 19 26 f 9 ffffeb86 74 1b 13 19 1b 1a f 13 33 16 19 f 36
FIXUPS: 1216 34 22 2b 1e77 1a f 13 2a 1a f fffff790 23 53 13f 9 148 29
FIXUPS: 2cc4 231 c fffff5f8 fffffa88 21 1c 1f 38 61 1a 5e 3a 2e c 2f 11
FIXUPS: 2218 1e09 31 4b 20 f c 15 23 45 22 27 f 15 1e fffff1d6 17 16 fffffe43
FIXUPS: 3237 2e 26 12 d 9 fffffd70 14 26 23 20 14 e 23 7ee 16 1a 26 f 15
FIXUPS: 39d4 17 4c 60 74 43 34 28 20 cf 4c 5c b4 d 15 43 28 27 f 2a 1c
FIXUPS: 3f56 4d 24 22 16 a79 16 39 c 16 21 4a 53 57 39 58 3e 1f 22 26 29
FIXUPS: 4d84 f ffffe92e 98 32 22 26 f 9 19 18 26 f 15 2b 34 b47 2d 2d 32
FIXUPS: 44f9 2d 32 58 18 21 18 20 2e 32 2f 2c 183 1c 1b 26 22 22 3a 13
FIXUPS: 4979 2a 12 19 44 c 16 38 c60 11 18 41 c 82 c d 9 29 fffff5ca 32
FIXUPS: 4e58 3c 13 2e 26 2d 19 16 16 277 32 29 27 f ffffeffb 15 f7 15 38
FIXUPS: 43f9 1982 11 13 62 20 27 f 1b 27 f 15 fffff42f 22 15 27 f c 125
FIXUPS: 54c1 23 23 b 11 73 30 21 a 75 15 11 1b 15 c50 20 30 17 b 15 fffff54b
FIXUPS: 5905 f 9 26 1a 3a 7a 58 2f 4c 21 f 3d 13 33 21 f 76 27 f 3f 21
FIXUPS: 5ce2 63 27 75d 31 7a 1e 49 4d 1a fffff8d0 2d 18 21 14d 64 13 10
FIXUPS: 616b 7 19 1b 7 19 1b 7 16 32 2e 11 18 22 18 1a f 55d 15 15 e 21
FIXUPS: 68b5 26 f 9 14f 7 47 7 1e 7 194 19 1aa 1d 101 37 89 ba 26 fffff306
FIXUPS: 63f1 26 27 2c 20 27 f 22a6 11 42 e 17 1c 1b 11 7e ba 61 24 65 11
FIXUPS: 8a81 42 1f ffffe63e 1e 6a 26 13f 47 7d fffff2cd 1f 8e 53 1a 4c
FIXUPS: 681a 14 19ea 12 4e 20 11 5b 1b bc 3e 2a 2b 11 32 11 1e 23 22 11
FIXUPS: 856b 22 27 24 2a 2b 11 32 11 1e 26 22 11 3f fffff52c 1a 33 22 1f
FIXUPS: 7d2a 21 c2 14 92 15 e 14 65 3d 13 9a f 46 10 24 1a 22 11 2b 11
FIXUPS: 8165 27 11 28 1e 11 d61 9 ffffe49a 4f 2be 16 d5 27 43 12 21 8 8
FIXUPS: 78b7 18 ac f 4f 34 2e 2d f 18 1c 3e 15 1c 15 87 4d 11 30 14f5 f
FIXUPS: 9166 fffff9fa 27 f 9 49 27 f 9 2c 26 f 9 19 a9 7 a a 18 29 13 13
FIXUPS: 8e00 13 5f 27 f 9 6e 27 54c 1f 16 15e 1a 4c 1f 1f 16 21 4a 1f 1f
FIXUPS: 979e 35 31 17 fffff984 11 3c 10 26 21 11 fffffd42 d6 f 2b f 12
FIXUPS: 90e1 11 194d 23 1a 23 1a 23 1a 23 1a 23 1a 23 1a 23 1a 23 1a 23
FIXUPS: ac64 23 1a 14 1f f ffffe5cd 13 13 4a e 23 1e 104 1c06 70 16 1b
FIXUPS: b128 14 f 15 2b f4 1b 16 1b 19 84 1b 19 4d 40 154 33 27 67 1e f
FIXUPS: a96e 1a 23 1a 23 1a 23 13e8 2a 4a 18 31 13 87 ffffed98 8a 18 11
FIXUPS: adf0 11 4f 38 56 c 14 13 e c 23 c 23 32 30 20 e 14 16 20 e 11c6
FIXUPS: c2a7 27 f fffff3e9 19 1d 18 d b f d 10 29 b 121 60 1a 30 9 c 1c
FIXUPS: b9df 15 1a 13d ad 137 13 3b 4c 3e 1968 16 16 16 16 16 16 16 16
FIXUPS: d835 16 16 16 16 13 13 13 13 13 13 26 39 f 3a 1d 11 ffffe736 24
FIXUPS: c18a 13 44 18 103a 1a 1a 1a 1a 1a 1a 1a 1a 1a 1a 1a 1a 1a 1a 1a
FIXUPS: d3d3 1a 1a 19 1a 2c 37 88 19 1b 1a 25 13 1a 46 1a fffff828 1a 2a
FIXUPS: ce9e 20 20 23 c c 48 c 34 f 4d 1a 1a 1a 1a 1a 1a 1a 62 1a 1a 1a
FIXUPS: d17d 1a 1a 1a 1a 1a 1a fffff6e9 15 15 15 15 15 15 3a 1a 64 13 1b
FIXUPS: ca8f d 20 20 5a 40 c e 2e 56 32 c 2b 2b b7 1a 27 13 1a 65 1054
FIXUPS: dfaa c1 ffffe329 2a d 14 20 1e3 16 16 16 16 16 16 16 16 16 16 16
FIXUPS: c6ea 16 16 16 13 13 13 13 13 16 78 d1 20a6 f c fffff6f3 18 11 13
FIXUPS: e0ea 13 10f 17 3b 1a 19 19 1c 5d c 20 37 fffff670 12d 41 b 17 b8
FIXUPS: dcb7 59 27 f 6f 7f dcd 66 44 26 1f 18 15 26 f 9 fffff739 98 27
FIXUPS: e562 9 43 92 27 f 9 1c 2f 23 5a 2d f c 50 b1 61 3e 34 a2c2 26 f
FIXUPS: 18c7a 1d 3f 26 3a 1e 24 26 f 15 6 c c 21 14 66 e 19 48 29 26 f
FIXUPS: 18f57 12 ffff5b4a d1 23 23 1a 9a84 7c 1b 26 f 20 1d 28 14 17 17
FIXUPS: 187f7 32 21 15 3a 87 13 7c 16 15 25 f 20 2c 14 20 1b 1e 10 9d 4c
FIXUPS: 18158 48 14 1c 61 13 7c 26 f 25 1d 1d 3a 15 19 19 29 24 36 13 7c
FIXUPS: 1850d f 20 1d 1d 47 15 19 19 1b 36 fffff522 22 1b 36 12 15 2b 2b
FIXUPS: 17c87 3a 1d 11 19 25 20 1a 19 19 73 87 45 25 f 49 17 96 35 28 56
FIXUPS: 180da f 3e fffff5c4 1d 35 19 24 42 13 7c 26 f 20 1d 1c 35 1b 15
FIXUPS: 17961 27 1b 35 12 15 2b 2b 20 22 1d 1c 35 1b 15 23 fffff5fc 17
FIXUPS: 171c4 13 7c 26 f 20 1d 28 21 2c 42 40 46 43 14 7c 26 f 20 1d 1c
FIXUPS: 17585 15 27 33 13 13 7c 26 f fffff5bf 16 25 f 38 1d 25 15 22 2e
FIXUPS: 16de5 13 7c 26 f 20 1d 1d 25 1e 1e 17 1e 59 13 7c 26 f 20 1d 25
FIXUPS: 17136 fffff605 1a 31 34 4e 1b 26 f 20 1d 28 24 23 19 45 13 7c f
FIXUPS: 16a20 1d 5e f 13 26 f 20 1d 1c 32 36 48 13 fffff6a8 f 13 17 2a
FIXUPS: 1633f f 20 1d 1a 33 31 17 15 17 18 29 1d 21 3a f 1a 3a 40 46 36
FIXUPS: 16638 7c 16 25 f 20 fffff7c0 12 20 22 1d 28 15 17 26 12 27 22 1d
FIXUPS: 16076 15 17 26 12 22 1d 28 15 17 26 12 22 1d 1a 33 21 33 17 fffff83c
FIXUPS: 15af3 23 28 23 20 22 1d 1a 28 15 35 d 20 1d 27 24 13 21 1d 2f 27
FIXUPS: 15d9f 25 12 20 22 1d 2f 28 15 17 fffff7ed 15 25 f 20 1d 1f 36 3a
FIXUPS: 157d1 27 1d 1e 12 26 f 38 1d 2f 29 20 26 f 20 1d 29 1b 23 30 20
FIXUPS: 15a92 1d fffff7b0 16 15 15 25 f 20 1d 21 28 24 16 15 19 76 20 19
FIXUPS: 15489 6c 14 14 14 25 16 15 19 80 14 14 14 14 25 fffff81d 13 14
FIXUPS: 14ef2 13 14 1f 13 14 1f 13 14 1f 3b 15 26 15 1b 18 15 1e 4e 15
FIXUPS: 15160 15 2a 15 1b 18 15 1e 30 fffff7fc 1c f 28 16 25 f 20 21 1d
FIXUPS: 14b52 16 33 5b 41 14 12 7c 1c f 28 16 25 f 20 5c 1f 23 14 19 18
FIXUPS: 14e8e fffff7e1 2f 1c 16 15 25 f 20 1d 2f 25 d 16 25 1c f 20 1d
FIXUPS: 1487b 28 24 10 1f 23 26 f 20 21 11 16 18 12 fffff7fb f 20 1d 44
FIXUPS: 1427a 13 26 f 20 1d 1a 21 24 37 13 7c f 20 1d 23 1a 21 1d 25 2e
FIXUPS: 14555 3f 13 7c f 20 fffff6f9 1d 4c 23 26 f 20 1d 1d 21 26 f 20
FIXUPS: 13ef9 79 65 1d 25 f 20 1d 2b 26 23 26 f 20 1d 1c 7 24 23 fffff79e
FIXUPS: 13978 f 56 7 23 23 26 f 25 1d 1c 1b 23 12 1f 2b 25 20 2d 1d 1c
FIXUPS: 13c19 1a 15 21 12 22 1d 3c 26 f fffff7ff f 18 21 1d 21 37 13 7c
FIXUPS: 13685 38 1d 20 1a 21 1d 2d 1a 21 1d 20 1a 21 1d 27 24 13 21 1d
FIXUPS: 1390c b 26 fffff6ac 26 f 20 1d 2c 24 67 2f f 1a 29 2d 13 13 7c
FIXUPS: 13288 f 20 1d 11 16 35 6b 32 3d 13 7c 26 f 20 17 fffff661 f d 20
FIXUPS: 12bbf b 1a 1b 26 f 20 1d 33 1b 1b 26 f 20 1d 28 10 2a 22 1d 2c
FIXUPS: 12e3d 71 49 1a 36 13 13 fffff802 2e 13 20 f 20 1d 27 22 1d 1d 22
FIXUPS: 128de 11 16 25 f 11 18 15 25 f 20 36 22 2b 75 20 12 1d 1d 27 fffff807
FIXUPS: 1237a 20 12 d 20 1d 1d 11 d 20 1d 27 17 1f 1d 11 26 1f 4f 21 12
FIXUPS: 1263c f 20 1d 1a 14 25 f 20 1d fffff790 1c 20 f 20 b 2c 1f f 20
FIXUPS: 11fc4 21 48 33 12 7c f 20 1d 1a d 20 1d 42 2d 1a 32 12 75 21 1d
FIXUPS: 1233b fffff797 1d 36 22 36 22 36 22 36 22 1d 1a 22 1d 13 c 1f 1d
FIXUPS: 11d33 c 20 1d 37 24 12 21 1d 11 13 20 f 20 fffff680 24 57 2b 60
FIXUPS: 11631 13 13 75 21 36 22 36 22 36 22 36 22 36 22 36 22 36 22 36
FIXUPS: 119ad 36 22 36 22 1d 36 fffff59d 1d 16 b 24 1d 30 4f 2c 1c 3e 2e
FIXUPS: 11229 f 20 1d 1c 26 f 20 1d 1d 1d 21 1d 3c 5c 13 7c f 20 1d fffff75f
FIXUPS: 10c6d 41 12 3e 51 17 16 15 11 13 10 17 20 14 2d f 11 e 22 17 1f
FIXUPS: 10edc 1c 1b 14 36 5d 1d 30 14 11 fffff6bd 1d 1d f 60 1d 3b 15 18
FIXUPS: 10836 27 17 20 f 47 3e 17 20 f 71 23 24 14 2a 60 17 5d 40 12 37
FIXUPS: 10bf7 26 fffff54b 1a 16 16 27 16 1a 31 51 11 4c 4a 22 44 47 21
FIXUPS: 10431 21 15 25 37 13 7c 2a f 20 1e 27 15 25 30 13 fffff5fb 45 22
FIXUPS: fd2f 32 2d 1d f 14 1f 1b 61 14 3d 1e 2f 16 61 18 1c e 35 19 22
FIXUPS: 10046 5f 2e f 11 22 20 14 fffff57b 18 11 50 36 76 85 3e 11 24 17
FIXUPS: f90c 20 14 36 3e 114 19 14 12 23 1e 1b 16 16 18 16 25 16 26 1b
FIXUPS: fc55 fffff55a 12 f 12 a 1a 12 66 f 6 1e 1e 14 6e 5f 1e 14 31 1e
FIXUPS: f445 17 53 28 27 1d 25 55 21 35 54 1a 53 a34f 7e f fffff531 fc
FIXUPS: 190c9 7b 23 1c 65 de 17 b1 1e 88 1c 4f 88 ffff58ce 6 d8 27 16 33
FIXUPS: ef54 34 96 20 13 68 81 63 ade3 af a4 f 15 80 21 27 f 27 fffff391
FIXUPS: 195ab 1f 28 19 11 1b 3b 3c e 37 15 e 87 3c 1d e 1b d7 13 cf 13
FIXUPS: 1a589 5f 32 b 14 11 3b 4b fffff4e4 49 23 23 48 d 42 18 4c 4b 21
FIXUPS: 19db8 16 d 21 e 53 25 16 24 66 a 2b 10 12b6 17 15 1f f fffff4ac
FIXUPS: 1a7bc 1f d 73 23 84 49 13 fffff8c4 15 20 19 1b 6 29 45 87 20 19
FIXUPS: 1a3db 27 20 19 3d d8 20 7ea 29 28 20 f 27 15 1f f 57 33 15 21 1f
FIXUPS: 1af32 5d 15 21 15 1f f 52 2a 28 20 f 81 1e 2e 24 22 20 264 5d 38
FIXUPS: 1b51c 2e 5d 24 10 cb 134 fffff1d7 1d b 60 33 15 21 1f f 60 15 21
FIXUPS: 1ab7b 1f f b1 24 9 24 23 20 f 18e6 2e 125 fffff3aa c 28 1c c 65
FIXUPS: 1bbbf 1f 1e 1f 1e 1f 1f 8 14 29 d 15 b 17 e c0 b3 34 fffff3d6 62
FIXUPS: 1b337 cb 51 1831 d 9 26 fffff282 8b 13 27 f 56 14 7f f 26 27 f
FIXUPS: 1c173 13c 56 44 2b 22 24 49 19 50 23 49 35 23 49 2a d19 8 14 23
FIXUPS: 1d331 20 15 15 10 d 1f fffff49c 15 2d f c d0 ca 30 21 a 75 15 11
FIXUPS: 1cb5b 15 10 11 18 41 c 82 b11 8a 15 e 18 15 10 e 15 5f 27 f c 71
FIXUPS: 1d9cf f c fffff381 10e 16 14 26 202 5a 42 15 5e 29 16 27 1f 48
FIXUPS: 1e020 54 27 f 48 28 1c fffff2e5 37 27 f c 43 27 f c 2c 26 f c 19
FIXUPS: 1d637 7 a a 18 2e 4c 38 2a 27 b e14 15 25 1c 20 f fffff47c 27 f
FIXUPS: 1dacf 31 60 16 34 21 f c db 90 53 1d 14 13 14 48 f 15 38 4e 27
FIXUPS: 1df24 e0 a15 1d 26a 6a fffff9e6 16 16 16 13 4a 24 28 31 24 24 50
FIXUPS: 1e8f7 2d 15 36 f 24 fffff7e8 a7 b 2d 68 1a ac bb 70 16
